[1/580] k_fixed1_k_variable2 order=fixed_first rep=0 seed=0: diff_whole_model=1.9826 diff_actor=1.6824 diff_critic=1.0489
[2/580] k_fixed1_k_variable2 order=fixed_first rep=1 seed=1: diff_whole_model=3.8296 diff_actor=3.5922 diff_critic=1.3274
[3/580] k_fixed1_k_variable2 order=fixed_first rep=2 seed=2: diff_whole_model=6.3604 diff_actor=6.0342 diff_critic=2.0110
[4/580] k_fixed1_k_variable2 order=fixed_first rep=3 seed=3: diff_whole_model=5.9423 diff_actor=5.7119 diff_critic=1.6384
[5/580] k_fixed1_k_variable2 order=fixed_first rep=4 seed=4: diff_whole_model=4.5926 diff_actor=4.2223 diff_critic=1.8068
[6/580] k_fixed1_k_variable2 order=variable_first rep=0 seed=0: diff_whole_model=2.5068 diff_actor=2.2625 diff_critic=1.0793
[7/580] k_fixed1_k_variable2 order=variable_first rep=1 seed=1: diff_whole_model=3.5346 diff_actor=3.3573 diff_critic=1.1053
[8/580] k_fixed1_k_variable2 order=variable_first rep=2 seed=2: diff_whole_model=2.6139 diff_actor=2.4173 diff_critic=0.9945
[9/580] k_fixed1_k_variable2 order=variable_first rep=3 seed=3: diff_whole_model=6.1610 diff_actor=5.7512 diff_critic=2.2094
[10/580] k_fixed1_k_variable2 order=variable_first rep=4 seed=4: diff_whole_model=4.9113 diff_actor=4.6750 diff_critic=1.5050
[11/580] k_fixed2_k_variable3 order=fixed_first rep=0 seed=0: diff_whole_model=2.5211 diff_actor=2.2736 diff_critic=1.0895
[12/580] k_fixed2_k_variable3 order=fixed_first rep=1 seed=1: diff_whole_model=4.1729 diff_actor=3.8505 diff_critic=1.6085
[13/580] k_fixed2_k_variable3 order=fixed_first rep=2 seed=2: diff_whole_model=3.8752 diff_actor=3.5954 diff_critic=1.4459
[14/580] k_fixed2_k_variable3 order=fixed_first rep=3 seed=3: diff_whole_model=6.0147 diff_actor=5.7000 diff_critic=1.9198
[15/580] k_fixed2_k_variable3 order=fixed_first rep=4 seed=4: diff_whole_model=4.6682 diff_actor=4.4859 diff_critic=1.2917
[16/580] k_fixed2_k_variable3 order=variable_first rep=0 seed=0: diff_whole_model=2.2285 diff_actor=1.9404 diff_critic=1.0960
[17/580] k_fixed2_k_variable3 order=variable_first rep=1 seed=1: diff_whole_model=2.7861 diff_actor=2.5582 diff_critic=1.1035
[18/580] k_fixed2_k_variable3 order=variable_first rep=2 seed=2: diff_whole_model=3.3910 diff_actor=3.2104 diff_critic=1.0921
[19/580] k_fixed2_k_variable3 order=variable_first rep=3 seed=3: diff_whole_model=3.3428 diff_actor=3.1548 diff_critic=1.1053
[20/580] k_fixed2_k_variable3 order=variable_first rep=4 seed=4: diff_whole_model=2.3381 diff_actor=2.0848 diff_critic=1.0584
[21/580] k_fixed3_k_variable5 order=fixed_first rep=0 seed=0: diff_whole_model=2.8858 diff_actor=2.6645 diff_critic=1.1084
[22/580] k_fixed3_k_variable5 order=fixed_first rep=1 seed=1: diff_whole_model=3.9827 diff_actor=3.7762 diff_critic=1.2659
[23/580] k_fixed3_k_variable5 order=fixed_first rep=2 seed=2: diff_whole_model=2.7378 diff_actor=2.4956 diff_critic=1.1259
[24/580] k_fixed3_k_variable5 order=fixed_first rep=3 seed=3: diff_whole_model=4.1320 diff_actor=3.9333 diff_critic=1.2660
[25/580] k_fixed3_k_variable5 order=fixed_first rep=4 seed=4: diff_whole_model=3.5702 diff_actor=3.4048 diff_critic=1.0740
[26/580] k_fixed3_k_variable5 order=variable_first rep=0 seed=0: diff_whole_model=2.3792 diff_actor=2.1041 diff_critic=1.1105
[27/580] k_fixed3_k_variable5 order=variable_first rep=1 seed=1: diff_whole_model=2.1743 diff_actor=1.8236 diff_critic=1.1842
[28/580] k_fixed3_k_variable5 order=variable_first rep=2 seed=2: diff_whole_model=1.8124 diff_actor=1.4245 diff_critic=1.1205
[29/580] k_fixed3_k_variable5 order=variable_first rep=3 seed=3: diff_whole_model=1.9266 diff_actor=1.5742 diff_critic=1.1106
[30/580] k_fixed3_k_variable5 order=variable_first rep=4 seed=4: diff_whole_model=2.0662 diff_actor=1.7570 diff_critic=1.0873
[31/580] k_fixed5_k_variable7 order=fixed_first rep=0 seed=0: diff_whole_model=1.9226 diff_actor=1.5685 diff_critic=1.1118
[32/580] k_fixed5_k_variable7 order=fixed_first rep=1 seed=1: diff_whole_model=2.0910 diff_actor=1.7060 diff_critic=1.2089
[33/580] k_fixed5_k_variable7 order=fixed_first rep=2 seed=2: diff_whole_model=1.6773 diff_actor=1.2234 diff_critic=1.1475
[34/580] k_fixed5_k_variable7 order=fixed_first rep=3 seed=3: diff_whole_model=1.8514 diff_actor=1.4819 diff_critic=1.1098
[35/580] k_fixed5_k_variable7 order=fixed_first rep=4 seed=4: diff_whole_model=2.7163 diff_actor=2.4875 diff_critic=1.0913
[36/580] k_fixed5_k_variable7 order=variable_first rep=0 seed=0: diff_whole_model=2.0924 diff_actor=1.7635 diff_critic=1.1262
[37/580] k_fixed5_k_variable7 order=variable_first rep=1 seed=1: diff_whole_model=2.3705 diff_actor=2.0137 diff_critic=1.2508
[38/580] k_fixed5_k_variable7 order=variable_first rep=2 seed=2: diff_whole_model=1.8355 diff_actor=1.4283 diff_critic=1.1528
[39/580] k_fixed5_k_variable7 order=variable_first rep=3 seed=3: diff_whole_model=1.8772 diff_actor=1.4976 diff_critic=1.1318
[40/580] k_fixed5_k_variable7 order=variable_first rep=4 seed=4: diff_whole_model=2.2010 diff_actor=1.8832 diff_critic=1.1393
[41/580] k_fixed7_k_variable10 order=fixed_first rep=0 seed=0: diff_whole_model=1.8499 diff_actor=1.4728 diff_critic=1.1193
[42/580] k_fixed7_k_variable10 order=fixed_first rep=1 seed=1: diff_whole_model=2.2556 diff_actor=1.8622 diff_critic=1.2729
[43/580] k_fixed7_k_variable10 order=fixed_first rep=2 seed=2: diff_whole_model=1.7744 diff_actor=1.3337 diff_critic=1.1704
[44/580] k_fixed7_k_variable10 order=fixed_first rep=3 seed=3: diff_whole_model=1.9341 diff_actor=1.5792 diff_critic=1.1166
[45/580] k_fixed7_k_variable10 order=fixed_first rep=4 seed=4: diff_whole_model=2.3574 diff_actor=2.0582 diff_critic=1.1494
[46/580] k_fixed7_k_variable10 order=variable_first rep=0 seed=0: diff_whole_model=1.9020 diff_actor=1.4950 diff_critic=1.1759
[47/580] k_fixed7_k_variable10 order=variable_first rep=1 seed=1: diff_whole_model=2.3287 diff_actor=1.8892 diff_critic=1.3614
[48/580] k_fixed7_k_variable10 order=variable_first rep=2 seed=2: diff_whole_model=1.9057 diff_actor=1.5185 diff_critic=1.1515
[49/580] k_fixed7_k_variable10 order=variable_first rep=3 seed=3: diff_whole_model=2.1692 diff_actor=1.8294 diff_critic=1.1656
[50/580] k_fixed7_k_variable10 order=variable_first rep=4 seed=4: diff_whole_model=2.2348 diff_actor=1.8605 diff_critic=1.2380
[51/580] k_fixed10_k_variable13 order=fixed_first rep=0 seed=0: diff_whole_model=2.0401 diff_actor=1.6715 diff_critic=1.1697
[52/580] k_fixed10_k_variable13 order=fixed_first rep=1 seed=1: diff_whole_model=2.3270 diff_actor=1.8771 diff_critic=1.3752
[53/580] k_fixed10_k_variable13 order=fixed_first rep=2 seed=2: diff_whole_model=1.9027 diff_actor=1.5049 diff_critic=1.1643
[54/580] k_fixed10_k_variable13 order=fixed_first rep=3 seed=3: diff_whole_model=1.9298 diff_actor=1.5447 diff_critic=1.1567
[55/580] k_fixed10_k_variable13 order=fixed_first rep=4 seed=4: diff_whole_model=2.4164 diff_actor=2.0756 diff_critic=1.2373
[56/580] k_fixed10_k_variable13 order=variable_first rep=0 seed=0: diff_whole_model=5.2554 diff_actor=5.0899 diff_critic=1.3086
[57/580] k_fixed10_k_variable13 order=variable_first rep=1 seed=1: diff_whole_model=2.4633 diff_actor=2.0149 diff_critic=1.4170
[58/580] k_fixed10_k_variable13 order=variable_first rep=2 seed=2: diff_whole_model=1.9217 diff_actor=1.5087 diff_critic=1.1903
[59/580] k_fixed10_k_variable13 order=variable_first rep=3 seed=3: diff_whole_model=1.7421 diff_actor=1.4097 diff_critic=1.0236
[60/580] k_fixed10_k_variable13 order=variable_first rep=4 seed=4: diff_whole_model=2.1252 diff_actor=1.7370 diff_critic=1.2245
[61/580] k_fixed13_k_variable16 order=fixed_first rep=0 seed=0: diff_whole_model=4.4167 diff_actor=4.2630 diff_critic=1.1550
[62/580] k_fixed13_k_variable16 order=fixed_first rep=1 seed=1: diff_whole_model=2.3137 diff_actor=1.8054 diff_critic=1.4469
[63/580] k_fixed13_k_variable16 order=fixed_first rep=2 seed=2: diff_whole_model=1.9767 diff_actor=1.5648 diff_critic=1.2077
[64/580] k_fixed13_k_variable16 order=fixed_first rep=3 seed=3: diff_whole_model=2.0067 diff_actor=1.6362 diff_critic=1.1617
[65/580] k_fixed13_k_variable16 order=fixed_first rep=4 seed=4: diff_whole_model=2.0391 diff_actor=1.6081 diff_critic=1.2537
[66/580] k_fixed13_k_variable16 order=variable_first rep=0 seed=0: diff_whole_model=4.2693 diff_actor=3.8118 diff_critic=1.9228
[67/580] k_fixed13_k_variable16 order=variable_first rep=1 seed=1: diff_whole_model=2.2880 diff_actor=1.7838 diff_critic=1.4329
[68/580] k_fixed13_k_variable16 order=variable_first rep=2 seed=2: diff_whole_model=2.2429 diff_actor=1.8388 diff_critic=1.2843
[69/580] k_fixed13_k_variable16 order=variable_first rep=3 seed=3: diff_whole_model=2.5820 diff_actor=1.8368 diff_critic=1.8147
[70/580] k_fixed13_k_variable16 order=variable_first rep=4 seed=4: diff_whole_model=2.2495 diff_actor=1.8617 diff_critic=1.2627
[71/580] k_fixed16_k_variable20 order=fixed_first rep=0 seed=0: diff_whole_model=4.7901 diff_actor=4.3655 diff_critic=1.9717
[72/580] k_fixed16_k_variable20 order=fixed_first rep=1 seed=1: diff_whole_model=2.3316 diff_actor=1.7831 diff_critic=1.5023
[73/580] k_fixed16_k_variable20 order=fixed_first rep=2 seed=2: diff_whole_model=2.2483 diff_actor=1.8381 diff_critic=1.2947
[74/580] k_fixed16_k_variable20 order=fixed_first rep=3 seed=3: diff_whole_model=2.6477 diff_actor=1.9440 diff_critic=1.7975
[75/580] k_fixed16_k_variable20 order=fixed_first rep=4 seed=4: diff_whole_model=2.1264 diff_actor=1.7218 diff_critic=1.2478
[76/580] k_fixed16_k_variable20 order=variable_first rep=0 seed=0: diff_whole_model=4.5949 diff_actor=4.3494 diff_critic=1.4816
[77/580] k_fixed16_k_variable20 order=variable_first rep=1 seed=1: diff_whole_model=7.2428 diff_actor=7.0094 diff_critic=1.8236
[78/580] k_fixed16_k_variable20 order=variable_first rep=2 seed=2: diff_whole_model=7.5986 diff_actor=7.4035 diff_critic=1.7108
[79/580] k_fixed16_k_variable20 order=variable_first rep=3 seed=3: diff_whole_model=4.7579 diff_actor=4.5250 diff_critic=1.4704
[80/580] k_fixed16_k_variable20 order=variable_first rep=4 seed=4: diff_whole_model=2.7055 diff_actor=2.3242 diff_critic=1.3849
[81/580] k_fixed20_k_variable25 order=fixed_first rep=0 seed=0: diff_whole_model=5.2334 diff_actor=5.0132 diff_critic=1.5020
[82/580] k_fixed20_k_variable25 order=fixed_first rep=1 seed=1: diff_whole_model=5.9698 diff_actor=5.7302 diff_critic=1.6743
[83/580] k_fixed20_k_variable25 order=fixed_first rep=2 seed=2: diff_whole_model=6.1144 diff_actor=5.8518 diff_critic=1.7728
[84/580] k_fixed20_k_variable25 order=fixed_first rep=3 seed=3: diff_whole_model=4.9151 diff_actor=4.6879 diff_critic=1.4770
[85/580] k_fixed20_k_variable25 order=fixed_first rep=4 seed=4: diff_whole_model=3.5098 diff_actor=3.2245 diff_critic=1.3861
[86/580] k_fixed20_k_variable25 order=variable_first rep=0 seed=0: diff_whole_model=6.5101 diff_actor=6.2757 diff_critic=1.7311
[87/580] k_fixed20_k_variable25 order=variable_first rep=1 seed=1: diff_whole_model=5.7328 diff_actor=5.4499 diff_critic=1.7788
[88/580] k_fixed20_k_variable25 order=variable_first rep=2 seed=2: diff_whole_model=9.3188 diff_actor=8.9819 diff_critic=2.4833
[89/580] k_fixed20_k_variable25 order=variable_first rep=3 seed=3: diff_whole_model=8.1368 diff_actor=7.9236 diff_critic=1.8503
[90/580] k_fixed20_k_variable25 order=variable_first rep=4 seed=4: diff_whole_model=5.4000 diff_actor=5.2663 diff_critic=1.1942
[91/580] k_fixed1_k_variable5 order=fixed_first rep=0 seed=0: diff_whole_model=3.4789 diff_actor=3.2863 diff_critic=1.1417
[92/580] k_fixed1_k_variable5 order=fixed_first rep=1 seed=1: diff_whole_model=2.9492 diff_actor=2.7320 diff_critic=1.1111
[93/580] k_fixed1_k_variable5 order=fixed_first rep=2 seed=2: diff_whole_model=5.1174 diff_actor=4.8362 diff_critic=1.6728
[94/580] k_fixed1_k_variable5 order=fixed_first rep=3 seed=3: diff_whole_model=5.2012 diff_actor=4.8756 diff_critic=1.8115
[95/580] k_fixed1_k_variable5 order=fixed_first rep=4 seed=4: diff_whole_model=4.7064 diff_actor=4.4809 diff_critic=1.4394
[96/580] k_fixed1_k_variable5 order=variable_first rep=0 seed=0: diff_whole_model=1.8773 diff_actor=1.5308 diff_critic=1.0868
[97/580] k_fixed1_k_variable5 order=variable_first rep=1 seed=1: diff_whole_model=2.1967 diff_actor=1.9025 diff_critic=1.0981
[98/580] k_fixed1_k_variable5 order=variable_first rep=2 seed=2: diff_whole_model=1.7389 diff_actor=1.3913 diff_critic=1.0432
[99/580] k_fixed1_k_variable5 order=variable_first rep=3 seed=3: diff_whole_model=1.9810 diff_actor=1.6598 diff_critic=1.0813
[100/580] k_fixed1_k_variable5 order=variable_first rep=4 seed=4: diff_whole_model=2.5212 diff_actor=2.3059 diff_critic=1.0194
[101/580] k_fixed10_k_variable25 order=fixed_first rep=0 seed=0: diff_whole_model=1.9471 diff_actor=1.5537 diff_critic=1.1735
[102/580] k_fixed10_k_variable25 order=fixed_first rep=1 seed=1: diff_whole_model=2.2667 diff_actor=1.7988 diff_critic=1.3793
[103/580] k_fixed10_k_variable25 order=fixed_first rep=2 seed=2: diff_whole_model=2.0067 diff_actor=1.6285 diff_critic=1.1726
[104/580] k_fixed10_k_variable25 order=fixed_first rep=3 seed=3: diff_whole_model=2.1213 diff_actor=1.7785 diff_critic=1.1562
[105/580] k_fixed10_k_variable25 order=fixed_first rep=4 seed=4: diff_whole_model=2.4065 diff_actor=2.0657 diff_critic=1.2345
[106/580] k_fixed10_k_variable25 order=variable_first rep=0 seed=0: diff_whole_model=7.0527 diff_actor=6.7289 diff_critic=2.1122
[107/580] k_fixed10_k_variable25 order=variable_first rep=1 seed=1: diff_whole_model=8.7742 diff_actor=8.2972 diff_critic=2.8534
[108/580] k_fixed10_k_variable25 order=variable_first rep=2 seed=2: diff_whole_model=9.5138 diff_actor=9.1707 diff_critic=2.5318
[109/580] k_fixed10_k_variable25 order=variable_first rep=3 seed=3: diff_whole_model=8.9447 diff_actor=8.7058 diff_critic=2.0533
[110/580] k_fixed10_k_variable25 order=variable_first rep=4 seed=4: diff_whole_model=5.2128 diff_actor=5.0788 diff_critic=1.1746
[111/580]  n/a order=fixed_first rep=0 seed=0: diff_whole_model=2.3102 diff_actor=2.0304 diff_critic=1.1021
[112/580]  n/a order=fixed_first rep=1 seed=1: diff_whole_model=3.4194 diff_actor=3.1776 diff_critic=1.2628
[113/580]  n/a order=fixed_first rep=2 seed=2: diff_whole_model=3.4662 diff_actor=3.2687 diff_critic=1.1534
[114/580]  n/a order=fixed_first rep=3 seed=3: diff_whole_model=3.7804 diff_actor=3.6076 diff_critic=1.1299
[115/580]  n/a order=fixed_first rep=4 seed=4: diff_whole_model=4.4252 diff_actor=4.2376 diff_critic=1.2749
[116/580]  n/a order=variable_first rep=0 seed=0: diff_whole_model=4.4549 diff_actor=4.2736 diff_critic=1.2580
[117/580]  n/a order=variable_first rep=1 seed=1: diff_whole_model=2.3610 diff_actor=1.9746 diff_critic=1.2944
[118/580]  n/a order=variable_first rep=2 seed=2: diff_whole_model=2.0592 diff_actor=1.7032 diff_critic=1.1573
[119/580]  n/a order=variable_first rep=3 seed=3: diff_whole_model=1.7652 diff_actor=1.3996 diff_critic=1.0756
[120/580]  n/a order=variable_first rep=4 seed=4: diff_whole_model=1.9540 diff_actor=1.5692 diff_critic=1.1644
[121/580] k_fixed9_k_variable14 order=fixed_first rep=0 seed=0: diff_whole_model=2.0170 diff_actor=1.6328 diff_critic=1.1843
[122/580] k_fixed9_k_variable14 order=fixed_first rep=1 seed=1: diff_whole_model=2.1765 diff_actor=1.7131 diff_critic=1.3426
[123/580] k_fixed9_k_variable14 order=fixed_first rep=2 seed=2: diff_whole_model=2.0448 diff_actor=1.6789 diff_critic=1.1673
[124/580] k_fixed9_k_variable14 order=fixed_first rep=3 seed=3: diff_whole_model=1.9236 diff_actor=1.5518 diff_critic=1.1369
[125/580] k_fixed9_k_variable14 order=fixed_first rep=4 seed=4: diff_whole_model=2.5101 diff_actor=2.2197 diff_critic=1.1720
[126/580] k_fixed9_k_variable14 order=variable_first rep=0 seed=0: diff_whole_model=12.3058 diff_actor=11.6856 diff_critic=3.8575
[127/580] k_fixed9_k_variable14 order=variable_first rep=1 seed=1: diff_whole_model=2.3881 diff_actor=1.9135 diff_critic=1.4288
[128/580] k_fixed9_k_variable14 order=variable_first rep=2 seed=2: diff_whole_model=1.8938 diff_actor=1.4460 diff_critic=1.2230
[129/580] k_fixed9_k_variable14 order=variable_first rep=3 seed=3: diff_whole_model=7.6882 diff_actor=7.2836 diff_critic=2.4612
[130/580] k_fixed9_k_variable14 order=variable_first rep=4 seed=4: diff_whole_model=2.0213 diff_actor=1.6008 diff_critic=1.2341
[131/580] k_fixed13_k_variable18 order=fixed_first rep=0 seed=0: diff_whole_model=3.3250 diff_actor=3.1673 diff_critic=1.0118
[132/580] k_fixed13_k_variable18 order=fixed_first rep=1 seed=1: diff_whole_model=2.3525 diff_actor=1.8361 diff_critic=1.4707
[133/580] k_fixed13_k_variable18 order=fixed_first rep=2 seed=2: diff_whole_model=2.0694 diff_actor=1.6756 diff_critic=1.2145
[134/580] k_fixed13_k_variable18 order=fixed_first rep=3 seed=3: diff_whole_model=2.0056 diff_actor=1.6293 diff_critic=1.1695
[135/580] k_fixed13_k_variable18 order=fixed_first rep=4 seed=4: diff_whole_model=2.0944 diff_actor=1.6824 diff_critic=1.2473
[136/580] k_fixed13_k_variable18 order=variable_first rep=0 seed=0: diff_whole_model=3.4139 diff_actor=2.9757 diff_critic=1.6733
[137/580] k_fixed13_k_variable18 order=variable_first rep=1 seed=1: diff_whole_model=2.4153 diff_actor=1.8812 diff_critic=1.5148
[138/580] k_fixed13_k_variable18 order=variable_first rep=2 seed=2: diff_whole_model=6.5904 diff_actor=6.3189 diff_critic=1.8722
[139/580] k_fixed13_k_variable18 order=variable_first rep=3 seed=3: diff_whole_model=5.3922 diff_actor=5.1527 diff_critic=1.5893
[140/580] k_fixed13_k_variable18 order=variable_first rep=4 seed=4: diff_whole_model=3.9369 diff_actor=3.6419 diff_critic=1.4951
[141/580] k_fixed4_k_variable22 order=fixed_first rep=0 seed=0: diff_whole_model=2.2483 diff_actor=1.9573 diff_critic=1.1063
[142/580] k_fixed4_k_variable22 order=fixed_first rep=1 seed=1: diff_whole_model=2.2254 diff_actor=1.8437 diff_critic=1.2463
[143/580] k_fixed4_k_variable22 order=fixed_first rep=2 seed=2: diff_whole_model=2.5324 diff_actor=2.2445 diff_critic=1.1727
[144/580] k_fixed4_k_variable22 order=fixed_first rep=3 seed=3: diff_whole_model=3.0254 diff_actor=2.8171 diff_critic=1.1030
[145/580] k_fixed4_k_variable22 order=fixed_first rep=4 seed=4: diff_whole_model=2.7171 diff_actor=2.4878 diff_critic=1.0924
[146/580] k_fixed4_k_variable22 order=variable_first rep=0 seed=0: diff_whole_model=5.5744 diff_actor=5.3728 diff_critic=1.4855
[147/580] k_fixed4_k_variable22 order=variable_first rep=1 seed=1: diff_whole_model=2.5312 diff_actor=2.0245 diff_critic=1.5194
[148/580] k_fixed4_k_variable22 order=variable_first rep=2 seed=2: diff_whole_model=9.5631 diff_actor=9.1128 diff_critic=2.9001
[149/580] k_fixed4_k_variable22 order=variable_first rep=3 seed=3: diff_whole_model=9.0253 diff_actor=8.5553 diff_critic=2.8747
[150/580] k_fixed4_k_variable22 order=variable_first rep=4 seed=4: diff_whole_model=13.6061 diff_actor=13.2092 diff_critic=3.2624
[151/580] k_fixed2_k_variable9 order=fixed_first rep=0 seed=0: diff_whole_model=2.5849 diff_actor=2.3449 diff_critic=1.0877
[152/580] k_fixed2_k_variable9 order=fixed_first rep=1 seed=1: diff_whole_model=4.0748 diff_actor=3.8379 diff_critic=1.3689
[153/580] k_fixed2_k_variable9 order=fixed_first rep=2 seed=2: diff_whole_model=4.8696 diff_actor=4.5975 diff_critic=1.6051
[154/580] k_fixed2_k_variable9 order=fixed_first rep=3 seed=3: diff_whole_model=6.2169 diff_actor=5.9599 diff_critic=1.7692
[155/580] k_fixed2_k_variable9 order=fixed_first rep=4 seed=4: diff_whole_model=5.3609 diff_actor=5.0362 diff_critic=1.8372
[156/580] k_fixed2_k_variable9 order=variable_first rep=0 seed=0: diff_whole_model=1.8455 diff_actor=1.4392 diff_critic=1.1552
[157/580] k_fixed2_k_variable9 order=variable_first rep=1 seed=1: diff_whole_model=2.2859 diff_actor=1.9356 diff_critic=1.2161
[158/580] k_fixed2_k_variable9 order=variable_first rep=2 seed=2: diff_whole_model=1.7757 diff_actor=1.3886 diff_critic=1.1068
[159/580] k_fixed2_k_variable9 order=variable_first rep=3 seed=3: diff_whole_model=1.8324 diff_actor=1.4214 diff_critic=1.1565
[160/580] k_fixed2_k_variable9 order=variable_first rep=4 seed=4: diff_whole_model=2.1993 diff_actor=1.8879 diff_critic=1.1283
[161/580] k_fixed2_k_variable10 order=fixed_first rep=0 seed=0: diff_whole_model=3.4477 diff_actor=3.2762 diff_critic=1.0740
[162/580] k_fixed2_k_variable10 order=fixed_first rep=1 seed=1: diff_whole_model=3.4563 diff_actor=3.2254 diff_critic=1.2422
[163/580] k_fixed2_k_variable10 order=fixed_first rep=2 seed=2: diff_whole_model=3.8784 diff_actor=3.6432 diff_critic=1.3300
[164/580] k_fixed2_k_variable10 order=fixed_first rep=3 seed=3: diff_whole_model=4.4872 diff_actor=4.2386 diff_critic=1.4728
[165/580] k_fixed2_k_variable10 order=fixed_first rep=4 seed=4: diff_whole_model=5.3713 diff_actor=5.0923 diff_critic=1.7087
[166/580] k_fixed2_k_variable10 order=variable_first rep=0 seed=0: diff_whole_model=2.2543 diff_actor=1.9633 diff_critic=1.1078
[167/580] k_fixed2_k_variable10 order=variable_first rep=1 seed=1: diff_whole_model=2.2093 diff_actor=1.8379 diff_critic=1.2260
[168/580] k_fixed2_k_variable10 order=variable_first rep=2 seed=2: diff_whole_model=1.8033 diff_actor=1.4154 diff_critic=1.1175
[169/580] k_fixed2_k_variable10 order=variable_first rep=3 seed=3: diff_whole_model=2.0172 diff_actor=1.6368 diff_critic=1.1789
[170/580] k_fixed2_k_variable10 order=variable_first rep=4 seed=4: diff_whole_model=2.1355 diff_actor=1.7998 diff_critic=1.1493
[171/580] k_fixed5_k_variable25 order=fixed_first rep=0 seed=0: diff_whole_model=1.7853 diff_actor=1.3983 diff_critic=1.1100
[172/580] k_fixed5_k_variable25 order=fixed_first rep=1 seed=1: diff_whole_model=2.1072 diff_actor=1.7076 diff_critic=1.2347
[173/580] k_fixed5_k_variable25 order=fixed_first rep=2 seed=2: diff_whole_model=1.9195 diff_actor=1.5213 diff_critic=1.1706
[174/580] k_fixed5_k_variable25 order=fixed_first rep=3 seed=3: diff_whole_model=1.7258 diff_actor=1.3238 diff_critic=1.1072
[175/580] k_fixed5_k_variable25 order=fixed_first rep=4 seed=4: diff_whole_model=2.5469 diff_actor=2.2974 diff_critic=1.0994
[176/580] k_fixed5_k_variable25 order=variable_first rep=0 seed=0: diff_whole_model=4.9979 diff_actor=4.7272 diff_critic=1.6225
[177/580] k_fixed5_k_variable25 order=variable_first rep=1 seed=1: diff_whole_model=11.6063 diff_actor=11.3544 diff_critic=2.4047
[178/580] k_fixed5_k_variable25 order=variable_first rep=2 seed=2: diff_whole_model=11.0508 diff_actor=10.3862 diff_critic=3.7746
[179/580] k_fixed5_k_variable25 order=variable_first rep=3 seed=3: diff_whole_model=8.4550 diff_actor=8.0729 diff_critic=2.5133
[180/580] k_fixed5_k_variable25 order=variable_first rep=4 seed=4: diff_whole_model=5.7518 diff_actor=5.6392 diff_critic=1.1322
[181/580] k_fixed16_k_variable18 order=fixed_first rep=0 seed=0: diff_whole_model=3.1808 diff_actor=2.5269 diff_critic=1.9319
[182/580] k_fixed16_k_variable18 order=fixed_first rep=1 seed=1: diff_whole_model=2.3429 diff_actor=1.8039 diff_critic=1.4950
[183/580] k_fixed16_k_variable18 order=fixed_first rep=2 seed=2: diff_whole_model=2.3186 diff_actor=1.9250 diff_critic=1.2924
[184/580] k_fixed16_k_variable18 order=fixed_first rep=3 seed=3: diff_whole_model=2.5035 diff_actor=1.7332 diff_critic=1.8065
[185/580] k_fixed16_k_variable18 order=fixed_first rep=4 seed=4: diff_whole_model=1.9827 diff_actor=1.5421 diff_critic=1.2462
[186/580] k_fixed16_k_variable18 order=variable_first rep=0 seed=0: diff_whole_model=5.1216 diff_actor=4.8385 diff_critic=1.6790
[187/580] k_fixed16_k_variable18 order=variable_first rep=1 seed=1: diff_whole_model=6.7136 diff_actor=6.5203 diff_critic=1.5995
[188/580] k_fixed16_k_variable18 order=variable_first rep=2 seed=2: diff_whole_model=5.7194 diff_actor=5.4000 diff_critic=1.8846
[189/580] k_fixed16_k_variable18 order=variable_first rep=3 seed=3: diff_whole_model=3.4349 diff_actor=3.0623 diff_critic=1.5559
[190/580] k_fixed16_k_variable18 order=variable_first rep=4 seed=4: diff_whole_model=7.4092 diff_actor=7.2107 diff_critic=1.7036
[191/580] k_fixed2_k_variable5 order=fixed_first rep=0 seed=0: diff_whole_model=3.1774 diff_actor=2.9861 diff_critic=1.0858
[192/580] k_fixed2_k_variable5 order=fixed_first rep=1 seed=1: diff_whole_model=4.6558 diff_actor=4.4123 diff_critic=1.4859
[193/580] k_fixed2_k_variable5 order=fixed_first rep=2 seed=2: diff_whole_model=4.1115 diff_actor=3.8227 diff_critic=1.5137
[194/580] k_fixed2_k_variable5 order=fixed_first rep=3 seed=3: diff_whole_model=8.1168 diff_actor=7.8359 diff_critic=2.1170
[195/580] k_fixed2_k_variable5 order=fixed_first rep=4 seed=4: diff_whole_model=5.3775 diff_actor=5.0771 diff_critic=1.7720
[196/580] k_fixed2_k_variable5 order=variable_first rep=0 seed=0: diff_whole_model=1.9020 diff_actor=1.5413 diff_critic=1.1144
[197/580] k_fixed2_k_variable5 order=variable_first rep=1 seed=1: diff_whole_model=2.2191 diff_actor=1.9035 diff_critic=1.1406
[198/580] k_fixed2_k_variable5 order=variable_first rep=2 seed=2: diff_whole_model=1.8612 diff_actor=1.5112 diff_critic=1.0864
[199/580] k_fixed2_k_variable5 order=variable_first rep=3 seed=3: diff_whole_model=1.7340 diff_actor=1.3335 diff_critic=1.1085
[200/580] k_fixed2_k_variable5 order=variable_first rep=4 seed=4: diff_whole_model=2.0410 diff_actor=1.7320 diff_critic=1.0798
[201/580] k_fixedmargin-9_k_variablemargin-2 order=fixed_first rep=0 seed=0: diff_whole_model=1.8455 diff_actor=1.4392 diff_critic=1.1552
[202/580] k_fixedmargin-9_k_variablemargin-2 order=fixed_first rep=1 seed=1: diff_whole_model=2.2859 diff_actor=1.9356 diff_critic=1.2161
[203/580] k_fixedmargin-9_k_variablemargin-2 order=fixed_first rep=2 seed=2: diff_whole_model=1.7757 diff_actor=1.3886 diff_critic=1.1068
[204/580] k_fixedmargin-9_k_variablemargin-2 order=fixed_first rep=3 seed=3: diff_whole_model=1.8324 diff_actor=1.4214 diff_critic=1.1565
[205/580] k_fixedmargin-9_k_variablemargin-2 order=fixed_first rep=4 seed=4: diff_whole_model=2.1993 diff_actor=1.8879 diff_critic=1.1283
[206/580] k_fixedmargin-9_k_variablemargin-2 order=variable_first rep=0 seed=0: diff_whole_model=2.5849 diff_actor=2.3449 diff_critic=1.0877
[207/580] k_fixedmargin-9_k_variablemargin-2 order=variable_first rep=1 seed=1: diff_whole_model=4.0748 diff_actor=3.8379 diff_critic=1.3689
[208/580] k_fixedmargin-9_k_variablemargin-2 order=variable_first rep=2 seed=2: diff_whole_model=4.8696 diff_actor=4.5975 diff_critic=1.6051
[209/580] k_fixedmargin-9_k_variablemargin-2 order=variable_first rep=3 seed=3: diff_whole_model=6.2169 diff_actor=5.9599 diff_critic=1.7692
[210/580] k_fixedmargin-9_k_variablemargin-2 order=variable_first rep=4 seed=4: diff_whole_model=5.3609 diff_actor=5.0362 diff_critic=1.8372
[211/580] k_fixedmargin-25_k_variablemargin-5 order=fixed_first rep=0 seed=0: diff_whole_model=4.9979 diff_actor=4.7272 diff_critic=1.6225
[212/580] k_fixedmargin-25_k_variablemargin-5 order=fixed_first rep=1 seed=1: diff_whole_model=11.6063 diff_actor=11.3544 diff_critic=2.4047
[213/580] k_fixedmargin-25_k_variablemargin-5 order=fixed_first rep=2 seed=2: diff_whole_model=11.0508 diff_actor=10.3862 diff_critic=3.7746
[214/580] k_fixedmargin-25_k_variablemargin-5 order=fixed_first rep=3 seed=3: diff_whole_model=8.4550 diff_actor=8.0729 diff_critic=2.5133
[215/580] k_fixedmargin-25_k_variablemargin-5 order=fixed_first rep=4 seed=4: diff_whole_model=5.7518 diff_actor=5.6392 diff_critic=1.1322
[216/580] k_fixedmargin-25_k_variablemargin-5 order=variable_first rep=0 seed=0: diff_whole_model=1.7853 diff_actor=1.3983 diff_critic=1.1100
[217/580] k_fixedmargin-25_k_variablemargin-5 order=variable_first rep=1 seed=1: diff_whole_model=2.1072 diff_actor=1.7076 diff_critic=1.2347
[218/580] k_fixedmargin-25_k_variablemargin-5 order=variable_first rep=2 seed=2: diff_whole_model=1.9195 diff_actor=1.5213 diff_critic=1.1706
[219/580] k_fixedmargin-25_k_variablemargin-5 order=variable_first rep=3 seed=3: diff_whole_model=1.7258 diff_actor=1.3238 diff_critic=1.1072
[220/580] k_fixedmargin-25_k_variablemargin-5 order=variable_first rep=4 seed=4: diff_whole_model=2.5469 diff_actor=2.2974 diff_critic=1.0994
[221/580] k_fixedmargin-18_k_variablemargin-16 order=fixed_first rep=0 seed=0: diff_whole_model=5.1216 diff_actor=4.8385 diff_critic=1.6790
[222/580] k_fixedmargin-18_k_variablemargin-16 order=fixed_first rep=1 seed=1: diff_whole_model=6.7136 diff_actor=6.5203 diff_critic=1.5995
[223/580] k_fixedmargin-18_k_variablemargin-16 order=fixed_first rep=2 seed=2: diff_whole_model=5.7194 diff_actor=5.4000 diff_critic=1.8846
[224/580] k_fixedmargin-18_k_variablemargin-16 order=fixed_first rep=3 seed=3: diff_whole_model=3.4349 diff_actor=3.0623 diff_critic=1.5559
[225/580] k_fixedmargin-18_k_variablemargin-16 order=fixed_first rep=4 seed=4: diff_whole_model=7.4092 diff_actor=7.2107 diff_critic=1.7036
[226/580] k_fixedmargin-18_k_variablemargin-16 order=variable_first rep=0 seed=0: diff_whole_model=3.1808 diff_actor=2.5269 diff_critic=1.9319
[227/580] k_fixedmargin-18_k_variablemargin-16 order=variable_first rep=1 seed=1: diff_whole_model=2.3429 diff_actor=1.8039 diff_critic=1.4950
[228/580] k_fixedmargin-18_k_variablemargin-16 order=variable_first rep=2 seed=2: diff_whole_model=2.3186 diff_actor=1.9250 diff_critic=1.2924
[229/580] k_fixedmargin-18_k_variablemargin-16 order=variable_first rep=3 seed=3: diff_whole_model=2.5035 diff_actor=1.7332 diff_critic=1.8065
[230/580] k_fixedmargin-18_k_variablemargin-16 order=variable_first rep=4 seed=4: diff_whole_model=1.9827 diff_actor=1.5421 diff_critic=1.2462
[231/580] k_fixedmargin-1_k_variableheatmap-0.0-3 order=fixed_first rep=0 seed=0: diff_whole_model=8.5312 diff_actor=8.2129 diff_critic=2.3085
[232/580] k_fixedmargin-1_k_variableheatmap-0.0-3 order=fixed_first rep=1 seed=1: diff_whole_model=6.0729 diff_actor=5.7318 diff_critic=2.0068
[233/580] k_fixedmargin-1_k_variableheatmap-0.0-3 order=fixed_first rep=2 seed=2: diff_whole_model=6.0487 diff_actor=5.7537 diff_critic=1.8658
[234/580] k_fixedmargin-1_k_variableheatmap-0.0-3 order=fixed_first rep=3 seed=3: diff_whole_model=4.1655 diff_actor=3.7648 diff_critic=1.7827
[235/580] k_fixedmargin-1_k_variableheatmap-0.0-3 order=fixed_first rep=4 seed=4: diff_whole_model=6.1426 diff_actor=5.8569 diff_critic=1.8513
[236/580] k_fixedmargin-1_k_variableheatmap-0.0-3 order=variable_first rep=0 seed=0: diff_whole_model=2.4242 diff_actor=2.1180 diff_critic=1.1794
[237/580] k_fixedmargin-1_k_variableheatmap-0.0-3 order=variable_first rep=1 seed=1: diff_whole_model=1.4304 diff_actor=0.7736 diff_critic=1.2032
[238/580] k_fixedmargin-1_k_variableheatmap-0.0-3 order=variable_first rep=2 seed=2: diff_whole_model=1.6213 diff_actor=1.0573 diff_critic=1.2291
[239/580] k_fixedmargin-1_k_variableheatmap-0.0-3 order=variable_first rep=3 seed=3: diff_whole_model=2.1667 diff_actor=1.7623 diff_critic=1.2605
[240/580] k_fixedmargin-1_k_variableheatmap-0.0-3 order=variable_first rep=4 seed=4: diff_whole_model=2.7081 diff_actor=2.4177 diff_critic=1.2201
[241/580] k_fixedheatmap-0.0-3_k_variablemargin-1 order=fixed_first rep=0 seed=0: diff_whole_model=2.4242 diff_actor=2.1180 diff_critic=1.1794
[242/580] k_fixedheatmap-0.0-3_k_variablemargin-1 order=fixed_first rep=1 seed=1: diff_whole_model=1.4304 diff_actor=0.7736 diff_critic=1.2032
[243/580] k_fixedheatmap-0.0-3_k_variablemargin-1 order=fixed_first rep=2 seed=2: diff_whole_model=1.6213 diff_actor=1.0573 diff_critic=1.2291
[244/580] k_fixedheatmap-0.0-3_k_variablemargin-1 order=fixed_first rep=3 seed=3: diff_whole_model=2.1667 diff_actor=1.7623 diff_critic=1.2605
[245/580] k_fixedheatmap-0.0-3_k_variablemargin-1 order=fixed_first rep=4 seed=4: diff_whole_model=2.7081 diff_actor=2.4177 diff_critic=1.2201
[246/580] k_fixedheatmap-0.0-3_k_variablemargin-1 order=variable_first rep=0 seed=0: diff_whole_model=8.5312 diff_actor=8.2129 diff_critic=2.3085
[247/580] k_fixedheatmap-0.0-3_k_variablemargin-1 order=variable_first rep=1 seed=1: diff_whole_model=6.0729 diff_actor=5.7318 diff_critic=2.0068
[248/580] k_fixedheatmap-0.0-3_k_variablemargin-1 order=variable_first rep=2 seed=2: diff_whole_model=6.0487 diff_actor=5.7537 diff_critic=1.8658
[249/580] k_fixedheatmap-0.0-3_k_variablemargin-1 order=variable_first rep=3 seed=3: diff_whole_model=4.1655 diff_actor=3.7648 diff_critic=1.7827
[250/580] k_fixedheatmap-0.0-3_k_variablemargin-1 order=variable_first rep=4 seed=4: diff_whole_model=6.1426 diff_actor=5.8569 diff_critic=1.8513
[251/580] k_fixedmargin-13_k_variableheatmap-1.0-3 order=fixed_first rep=0 seed=0: diff_whole_model=6.7452 diff_actor=6.5602 diff_critic=1.5693
[252/580] k_fixedmargin-13_k_variableheatmap-1.0-3 order=fixed_first rep=1 seed=1: diff_whole_model=7.0818 diff_actor=6.8379 diff_critic=1.8424
[253/580] k_fixedmargin-13_k_variableheatmap-1.0-3 order=fixed_first rep=2 seed=2: diff_whole_model=6.8672 diff_actor=6.5839 diff_critic=1.9521
[254/580] k_fixedmargin-13_k_variableheatmap-1.0-3 order=fixed_first rep=3 seed=3: diff_whole_model=7.3702 diff_actor=7.1587 diff_critic=1.7528
[255/580] k_fixedmargin-13_k_variableheatmap-1.0-3 order=fixed_first rep=4 seed=4: diff_whole_model=6.9895 diff_actor=6.8035 diff_critic=1.6017
[256/580] k_fixedmargin-13_k_variableheatmap-1.0-3 order=variable_first rep=0 seed=0: diff_whole_model=2.3494 diff_actor=1.9729 diff_critic=1.2757
[257/580] k_fixedmargin-13_k_variableheatmap-1.0-3 order=variable_first rep=1 seed=1: diff_whole_model=2.9162 diff_actor=2.6559 diff_critic=1.2043
[258/580] k_fixedmargin-13_k_variableheatmap-1.0-3 order=variable_first rep=2 seed=2: diff_whole_model=5.9792 diff_actor=5.7047 diff_critic=1.7911
[259/580] k_fixedmargin-13_k_variableheatmap-1.0-3 order=variable_first rep=3 seed=3: diff_whole_model=3.1609 diff_actor=2.8811 diff_critic=1.3003
[260/580] k_fixedmargin-13_k_variableheatmap-1.0-3 order=variable_first rep=4 seed=4: diff_whole_model=4.5418 diff_actor=4.3024 diff_critic=1.4552
[261/580] k_fixedheatmap-2.0-3_k_variablemargin-9 order=fixed_first rep=0 seed=0: diff_whole_model=4.5743 diff_actor=4.2378 diff_critic=1.7222
[262/580] k_fixedheatmap-2.0-3_k_variablemargin-9 order=fixed_first rep=1 seed=1: diff_whole_model=3.8501 diff_actor=3.5002 diff_critic=1.6036
[263/580] k_fixedheatmap-2.0-3_k_variablemargin-9 order=fixed_first rep=2 seed=2: diff_whole_model=4.5143 diff_actor=4.1823 diff_critic=1.6992
[264/580] k_fixedheatmap-2.0-3_k_variablemargin-9 order=fixed_first rep=3 seed=3: diff_whole_model=6.0982 diff_actor=5.8505 diff_critic=1.7206
[265/580] k_fixedheatmap-2.0-3_k_variablemargin-9 order=fixed_first rep=4 seed=4: diff_whole_model=4.8027 diff_actor=4.4527 diff_critic=1.7998
[266/580] k_fixedheatmap-2.0-3_k_variablemargin-9 order=variable_first rep=0 seed=0: diff_whole_model=7.3023 diff_actor=7.0341 diff_critic=1.9607
[267/580] k_fixedheatmap-2.0-3_k_variablemargin-9 order=variable_first rep=1 seed=1: diff_whole_model=7.2094 diff_actor=7.0015 diff_critic=1.7186
[268/580] k_fixedheatmap-2.0-3_k_variablemargin-9 order=variable_first rep=2 seed=2: diff_whole_model=7.3583 diff_actor=7.1995 diff_critic=1.5206
[269/580] k_fixedheatmap-2.0-3_k_variablemargin-9 order=variable_first rep=3 seed=3: diff_whole_model=7.3801 diff_actor=7.1911 diff_critic=1.6595
[270/580] k_fixedheatmap-2.0-3_k_variablemargin-9 order=variable_first rep=4 seed=4: diff_whole_model=7.3800 diff_actor=7.1941 diff_critic=1.6458
[271/580] k_fixedmargin-3_k_variableheatmap-1.5-3 order=fixed_first rep=0 seed=0: diff_whole_model=6.8866 diff_actor=6.6277 diff_critic=1.8705
[272/580] k_fixedmargin-3_k_variableheatmap-1.5-3 order=fixed_first rep=1 seed=1: diff_whole_model=6.7393 diff_actor=6.5358 diff_critic=1.6437
[273/580] k_fixedmargin-3_k_variableheatmap-1.5-3 order=fixed_first rep=2 seed=2: diff_whole_model=6.8811 diff_actor=6.6673 diff_critic=1.7021
[274/580] k_fixedmargin-3_k_variableheatmap-1.5-3 order=fixed_first rep=3 seed=3: diff_whole_model=6.9842 diff_actor=6.7034 diff_critic=1.9606
[275/580] k_fixedmargin-3_k_variableheatmap-1.5-3 order=fixed_first rep=4 seed=4: diff_whole_model=6.3562 diff_actor=6.1828 diff_critic=1.4747
[276/580] k_fixedmargin-3_k_variableheatmap-1.5-3 order=variable_first rep=0 seed=0: diff_whole_model=6.5722 diff_actor=6.1302 diff_critic=2.3695
[277/580] k_fixedmargin-3_k_variableheatmap-1.5-3 order=variable_first rep=1 seed=1: diff_whole_model=6.2519 diff_actor=5.8533 diff_critic=2.1966
[278/580] k_fixedmargin-3_k_variableheatmap-1.5-3 order=variable_first rep=2 seed=2: diff_whole_model=6.4557 diff_actor=5.9574 diff_critic=2.4868
[279/580] k_fixedmargin-3_k_variableheatmap-1.5-3 order=variable_first rep=3 seed=3: diff_whole_model=6.9103 diff_actor=6.4106 diff_critic=2.5799
[280/580] k_fixedmargin-3_k_variableheatmap-1.5-3 order=variable_first rep=4 seed=4: diff_whole_model=5.1250 diff_actor=4.6242 diff_critic=2.2098
[281/580] k_fixedheatmap-0.0-3_k_variableheatmap-0.5-3 order=fixed_first rep=0 seed=0: diff_whole_model=5.2710 diff_actor=4.5660 diff_critic=2.6333
[282/580] k_fixedheatmap-0.0-3_k_variableheatmap-0.5-3 order=fixed_first rep=1 seed=1: diff_whole_model=4.9153 diff_actor=4.2085 diff_critic=2.5394
[283/580] k_fixedheatmap-0.0-3_k_variableheatmap-0.5-3 order=fixed_first rep=2 seed=2: diff_whole_model=5.2845 diff_actor=4.8124 diff_critic=2.1832
[284/580] k_fixedheatmap-0.0-3_k_variableheatmap-0.5-3 order=fixed_first rep=3 seed=3: diff_whole_model=8.6117 diff_actor=8.0755 diff_critic=2.9912
[285/580] k_fixedheatmap-0.0-3_k_variableheatmap-0.5-3 order=fixed_first rep=4 seed=4: diff_whole_model=4.7683 diff_actor=4.1280 diff_critic=2.3867
[286/580] k_fixedheatmap-0.0-3_k_variableheatmap-0.5-3 order=variable_first rep=0 seed=0: diff_whole_model=8.3455 diff_actor=7.3823 diff_critic=3.8922
[287/580] k_fixedheatmap-0.0-3_k_variableheatmap-0.5-3 order=variable_first rep=1 seed=1: diff_whole_model=3.0990 diff_actor=2.5665 diff_critic=1.7369
[288/580] k_fixedheatmap-0.0-3_k_variableheatmap-0.5-3 order=variable_first rep=2 seed=2: diff_whole_model=2.9881 diff_actor=2.5097 diff_critic=1.6218
[289/580] k_fixedheatmap-0.0-3_k_variableheatmap-0.5-3 order=variable_first rep=3 seed=3: diff_whole_model=2.6865 diff_actor=2.0165 diff_critic=1.7751
[290/580] k_fixedheatmap-0.0-3_k_variableheatmap-0.5-3 order=variable_first rep=4 seed=4: diff_whole_model=3.1629 diff_actor=2.6944 diff_critic=1.6565
[291/580] k_fixedheatmap-0.0-3_k_variableheatmap-1.0-3 order=fixed_first rep=0 seed=0: diff_whole_model=7.6069 diff_actor=6.8785 diff_critic=3.2481
[292/580] k_fixedheatmap-0.0-3_k_variableheatmap-1.0-3 order=fixed_first rep=1 seed=1: diff_whole_model=8.5342 diff_actor=8.0042 diff_critic=2.9608
[293/580] k_fixedheatmap-0.0-3_k_variableheatmap-1.0-3 order=fixed_first rep=2 seed=2: diff_whole_model=8.0591 diff_actor=7.6173 diff_critic=2.6318
[294/580] k_fixedheatmap-0.0-3_k_variableheatmap-1.0-3 order=fixed_first rep=3 seed=3: diff_whole_model=8.7974 diff_actor=8.2049 diff_critic=3.1741
[295/580] k_fixedheatmap-0.0-3_k_variableheatmap-1.0-3 order=fixed_first rep=4 seed=4: diff_whole_model=8.1167 diff_actor=7.4945 diff_critic=3.1166
[296/580] k_fixedheatmap-0.0-3_k_variableheatmap-1.0-3 order=variable_first rep=0 seed=0: diff_whole_model=3.1250 diff_actor=2.5995 diff_critic=1.7345
[297/580] k_fixedheatmap-0.0-3_k_variableheatmap-1.0-3 order=variable_first rep=1 seed=1: diff_whole_model=3.7841 diff_actor=3.3513 diff_critic=1.7573
[298/580] k_fixedheatmap-0.0-3_k_variableheatmap-1.0-3 order=variable_first rep=2 seed=2: diff_whole_model=5.9394 diff_actor=4.9810 diff_critic=3.2352
[299/580] k_fixedheatmap-0.0-3_k_variableheatmap-1.0-3 order=variable_first rep=3 seed=3: diff_whole_model=8.1880 diff_actor=7.2288 diff_critic=3.8454
[300/580] k_fixedheatmap-0.0-3_k_variableheatmap-1.0-3 order=variable_first rep=4 seed=4: diff_whole_model=5.5873 diff_actor=4.5609 diff_critic=3.2274
[301/580] k_fixedheatmap-0.0-3_k_variableheatmap-2.0-3 order=fixed_first rep=0 seed=0: diff_whole_model=8.1453 diff_actor=7.5318 diff_critic=3.1011
[302/580] k_fixedheatmap-0.0-3_k_variableheatmap-2.0-3 order=fixed_first rep=1 seed=1: diff_whole_model=8.2390 diff_actor=7.8035 diff_critic=2.6434
[303/580] k_fixedheatmap-0.0-3_k_variableheatmap-2.0-3 order=fixed_first rep=2 seed=2: diff_whole_model=7.7303 diff_actor=7.0652 diff_critic=3.1370
[304/580] k_fixedheatmap-0.0-3_k_variableheatmap-2.0-3 order=fixed_first rep=3 seed=3: diff_whole_model=8.0626 diff_actor=7.4438 diff_critic=3.0977
[305/580] k_fixedheatmap-0.0-3_k_variableheatmap-2.0-3 order=fixed_first rep=4 seed=4: diff_whole_model=7.7924 diff_actor=6.8831 diff_critic=3.6530
[306/580] k_fixedheatmap-0.0-3_k_variableheatmap-2.0-3 order=variable_first rep=0 seed=0: diff_whole_model=6.1036 diff_actor=5.2740 diff_critic=3.0723
[307/580] k_fixedheatmap-0.0-3_k_variableheatmap-2.0-3 order=variable_first rep=1 seed=1: diff_whole_model=5.7720 diff_actor=4.8625 diff_critic=3.1099
[308/580] k_fixedheatmap-0.0-3_k_variableheatmap-2.0-3 order=variable_first rep=2 seed=2: diff_whole_model=8.8136 diff_actor=8.0210 diff_critic=3.6528
[309/580] k_fixedheatmap-0.0-3_k_variableheatmap-2.0-3 order=variable_first rep=3 seed=3: diff_whole_model=8.9894 diff_actor=8.1875 diff_critic=3.7114
[310/580] k_fixedheatmap-0.0-3_k_variableheatmap-2.0-3 order=variable_first rep=4 seed=4: diff_whole_model=8.4548 diff_actor=7.8454 diff_critic=3.1518
[311/580] k_fixedheatmap-0.5-3_k_variableheatmap-1.5-3 order=fixed_first rep=0 seed=0: diff_whole_model=7.9741 diff_actor=7.4318 diff_critic=2.8905
[312/580] k_fixedheatmap-0.5-3_k_variableheatmap-1.5-3 order=fixed_first rep=1 seed=1: diff_whole_model=8.0368 diff_actor=7.3870 diff_critic=3.1660
[313/580] k_fixedheatmap-0.5-3_k_variableheatmap-1.5-3 order=fixed_first rep=2 seed=2: diff_whole_model=8.4325 diff_actor=7.8176 diff_critic=3.1609
[314/580] k_fixedheatmap-0.5-3_k_variableheatmap-1.5-3 order=fixed_first rep=3 seed=3: diff_whole_model=8.2256 diff_actor=7.5754 diff_critic=3.2053
[315/580] k_fixedheatmap-0.5-3_k_variableheatmap-1.5-3 order=fixed_first rep=4 seed=4: diff_whole_model=8.1768 diff_actor=7.6046 diff_critic=3.0049
[316/580] k_fixedheatmap-0.5-3_k_variableheatmap-1.5-3 order=variable_first rep=0 seed=0: diff_whole_model=8.0561 diff_actor=7.3220 diff_critic=3.3598
[317/580] k_fixedheatmap-0.5-3_k_variableheatmap-1.5-3 order=variable_first rep=1 seed=1: diff_whole_model=7.6153 diff_actor=6.9189 diff_critic=3.1815
[318/580] k_fixedheatmap-0.5-3_k_variableheatmap-1.5-3 order=variable_first rep=2 seed=2: diff_whole_model=8.3685 diff_actor=7.8443 diff_critic=2.9152
[319/580] k_fixedheatmap-0.5-3_k_variableheatmap-1.5-3 order=variable_first rep=3 seed=3: diff_whole_model=8.3151 diff_actor=7.6466 diff_critic=3.2666
[320/580] k_fixedheatmap-0.5-3_k_variableheatmap-1.5-3 order=variable_first rep=4 seed=4: diff_whole_model=4.7808 diff_actor=4.0926 diff_critic=2.4712
[321/580] k_fixedheatmap-1.0-3_k_variableheatmap-2.0-3 order=fixed_first rep=0 seed=0: diff_whole_model=8.3587 diff_actor=7.6614 diff_critic=3.3423
[322/580] k_fixedheatmap-1.0-3_k_variableheatmap-2.0-3 order=fixed_first rep=1 seed=1: diff_whole_model=8.1108 diff_actor=7.4381 diff_critic=3.2341
[323/580] k_fixedheatmap-1.0-3_k_variableheatmap-2.0-3 order=fixed_first rep=2 seed=2: diff_whole_model=7.9445 diff_actor=7.2239 diff_critic=3.3059
[324/580] k_fixedheatmap-1.0-3_k_variableheatmap-2.0-3 order=fixed_first rep=3 seed=3: diff_whole_model=8.2467 diff_actor=7.6280 diff_critic=3.1340
[325/580] k_fixedheatmap-1.0-3_k_variableheatmap-2.0-3 order=fixed_first rep=4 seed=4: diff_whole_model=7.4493 diff_actor=6.8259 diff_critic=2.9830
[326/580] k_fixedheatmap-1.0-3_k_variableheatmap-2.0-3 order=variable_first rep=0 seed=0: diff_whole_model=7.4139 diff_actor=6.9576 diff_critic=2.5609
[327/580] k_fixedheatmap-1.0-3_k_variableheatmap-2.0-3 order=variable_first rep=1 seed=1: diff_whole_model=7.2304 diff_actor=6.5096 diff_critic=3.1470
[328/580] k_fixedheatmap-1.0-3_k_variableheatmap-2.0-3 order=variable_first rep=2 seed=2: diff_whole_model=7.5125 diff_actor=7.0191 diff_critic=2.6779
[329/580] k_fixedheatmap-1.0-3_k_variableheatmap-2.0-3 order=variable_first rep=3 seed=3: diff_whole_model=7.3963 diff_actor=6.9625 diff_critic=2.4959
[330/580] k_fixedheatmap-1.0-3_k_variableheatmap-2.0-3 order=variable_first rep=4 seed=4: diff_whole_model=5.4187 diff_actor=4.8129 diff_critic=2.4897
[331/580] k_fixedheatmap-0.25-3_k_variableheatmap-1.75-3 order=fixed_first rep=0 seed=0: diff_whole_model=7.9953 diff_actor=7.2394 diff_critic=3.3935
[332/580] k_fixedheatmap-0.25-3_k_variableheatmap-1.75-3 order=fixed_first rep=1 seed=1: diff_whole_model=7.9537 diff_actor=7.2302 diff_critic=3.3145
[333/580] k_fixedheatmap-0.25-3_k_variableheatmap-1.75-3 order=fixed_first rep=2 seed=2: diff_whole_model=8.4061 diff_actor=7.8230 diff_critic=3.0762
[334/580] k_fixedheatmap-0.25-3_k_variableheatmap-1.75-3 order=fixed_first rep=3 seed=3: diff_whole_model=7.8209 diff_actor=7.2257 diff_critic=2.9926
[335/580] k_fixedheatmap-0.25-3_k_variableheatmap-1.75-3 order=fixed_first rep=4 seed=4: diff_whole_model=4.9635 diff_actor=4.3348 diff_critic=2.4179
[336/580] k_fixedheatmap-0.25-3_k_variableheatmap-1.75-3 order=variable_first rep=0 seed=0: diff_whole_model=8.1138 diff_actor=7.3937 diff_critic=3.3418
[337/580] k_fixedheatmap-0.25-3_k_variableheatmap-1.75-3 order=variable_first rep=1 seed=1: diff_whole_model=7.7067 diff_actor=7.0559 diff_critic=3.0994
[338/580] k_fixedheatmap-0.25-3_k_variableheatmap-1.75-3 order=variable_first rep=2 seed=2: diff_whole_model=8.3742 diff_actor=7.7547 diff_critic=3.1610
[339/580] k_fixedheatmap-0.25-3_k_variableheatmap-1.75-3 order=variable_first rep=3 seed=3: diff_whole_model=8.5030 diff_actor=8.0247 diff_critic=2.8115
[340/580] k_fixedheatmap-0.25-3_k_variableheatmap-1.75-3 order=variable_first rep=4 seed=4: diff_whole_model=7.8700 diff_actor=7.0684 diff_critic=3.4604
[341/580] k_fixedheatmap-0.75-3_k_variableheatmap-1.25-3 order=fixed_first rep=0 seed=0: diff_whole_model=8.3137 diff_actor=7.5801 diff_critic=3.4145
[342/580] k_fixedheatmap-0.75-3_k_variableheatmap-1.25-3 order=fixed_first rep=1 seed=1: diff_whole_model=8.3905 diff_actor=7.7241 diff_critic=3.2768
[343/580] k_fixedheatmap-0.75-3_k_variableheatmap-1.25-3 order=fixed_first rep=2 seed=2: diff_whole_model=3.1592 diff_actor=2.5701 diff_critic=1.8372
[344/580] k_fixedheatmap-0.75-3_k_variableheatmap-1.25-3 order=fixed_first rep=3 seed=3: diff_whole_model=7.7716 diff_actor=6.8649 diff_critic=3.6430
[345/580] k_fixedheatmap-0.75-3_k_variableheatmap-1.25-3 order=fixed_first rep=4 seed=4: diff_whole_model=7.9338 diff_actor=7.2355 diff_critic=3.2546
[346/580] k_fixedheatmap-0.75-3_k_variableheatmap-1.25-3 order=variable_first rep=0 seed=0: diff_whole_model=8.4455 diff_actor=7.7451 diff_critic=3.3675
[347/580] k_fixedheatmap-0.75-3_k_variableheatmap-1.25-3 order=variable_first rep=1 seed=1: diff_whole_model=7.7480 diff_actor=7.0275 diff_critic=3.2628
[348/580] k_fixedheatmap-0.75-3_k_variableheatmap-1.25-3 order=variable_first rep=2 seed=2: diff_whole_model=7.8598 diff_actor=7.2502 diff_critic=3.0350
[349/580] k_fixedheatmap-0.75-3_k_variableheatmap-1.25-3 order=variable_first rep=3 seed=3: diff_whole_model=8.2156 diff_actor=7.3751 diff_critic=3.6199
[350/580] k_fixedheatmap-0.75-3_k_variableheatmap-1.25-3 order=variable_first rep=4 seed=4: diff_whole_model=7.7994 diff_actor=7.1147 diff_critic=3.1958
[351/580] k_fixedmargin-13_k_variableheatmap-1.0-3 order=fixed_first rep=0 seed=0: diff_whole_model=6.7452 diff_actor=6.5602 diff_critic=1.5693
[352/580] k_fixedmargin-13_k_variableheatmap-1.0-3 order=fixed_first rep=1 seed=1: diff_whole_model=7.0818 diff_actor=6.8379 diff_critic=1.8424
[353/580] k_fixedmargin-13_k_variableheatmap-1.0-3 order=fixed_first rep=2 seed=2: diff_whole_model=6.8672 diff_actor=6.5839 diff_critic=1.9521
[354/580] k_fixedmargin-13_k_variableheatmap-1.0-3 order=fixed_first rep=3 seed=3: diff_whole_model=7.3702 diff_actor=7.1587 diff_critic=1.7528
[355/580] k_fixedmargin-13_k_variableheatmap-1.0-3 order=fixed_first rep=4 seed=4: diff_whole_model=6.9895 diff_actor=6.8035 diff_critic=1.6017
[356/580] k_fixedmargin-13_k_variableheatmap-1.0-3 order=variable_first rep=0 seed=0: diff_whole_model=2.3494 diff_actor=1.9729 diff_critic=1.2757
[357/580] k_fixedmargin-13_k_variableheatmap-1.0-3 order=variable_first rep=1 seed=1: diff_whole_model=2.9162 diff_actor=2.6559 diff_critic=1.2043
[358/580] k_fixedmargin-13_k_variableheatmap-1.0-3 order=variable_first rep=2 seed=2: diff_whole_model=5.9792 diff_actor=5.7047 diff_critic=1.7911
[359/580] k_fixedmargin-13_k_variableheatmap-1.0-3 order=variable_first rep=3 seed=3: diff_whole_model=3.1609 diff_actor=2.8811 diff_critic=1.3003
[360/580] k_fixedmargin-13_k_variableheatmap-1.0-3 order=variable_first rep=4 seed=4: diff_whole_model=4.5418 diff_actor=4.3024 diff_critic=1.4552
[361/580] k_fixedmargin-25_k_variableheatmap-0.0-3 order=fixed_first rep=0 seed=0: diff_whole_model=8.6133 diff_actor=8.2768 diff_critic=2.3841
[362/580] k_fixedmargin-25_k_variableheatmap-0.0-3 order=fixed_first rep=1 seed=1: diff_whole_model=6.0687 diff_actor=5.9174 diff_critic=1.3468
[363/580] k_fixedmargin-25_k_variableheatmap-0.0-3 order=fixed_first rep=2 seed=2: diff_whole_model=8.4740 diff_actor=8.2498 diff_critic=1.9364
[364/580] k_fixedmargin-25_k_variableheatmap-0.0-3 order=fixed_first rep=3 seed=3: diff_whole_model=9.2272 diff_actor=9.0215 diff_critic=1.9375
[365/580] k_fixedmargin-25_k_variableheatmap-0.0-3 order=fixed_first rep=4 seed=4: diff_whole_model=9.1544 diff_actor=8.9008 diff_critic=2.1397
[366/580] k_fixedmargin-25_k_variableheatmap-0.0-3 order=variable_first rep=0 seed=0: diff_whole_model=3.3863 diff_actor=3.1799 diff_critic=1.1640
[367/580] k_fixedmargin-25_k_variableheatmap-0.0-3 order=variable_first rep=1 seed=1: diff_whole_model=1.5052 diff_actor=0.9530 diff_critic=1.1651
[368/580] k_fixedmargin-25_k_variableheatmap-0.0-3 order=variable_first rep=2 seed=2: diff_whole_model=1.8658 diff_actor=1.4133 diff_critic=1.2182
[369/580] k_fixedmargin-25_k_variableheatmap-0.0-3 order=variable_first rep=3 seed=3: diff_whole_model=3.1605 diff_actor=2.8981 diff_critic=1.2610
[370/580] k_fixedmargin-25_k_variableheatmap-0.0-3 order=variable_first rep=4 seed=4: diff_whole_model=2.6055 diff_actor=2.3204 diff_critic=1.1850
[371/580] k_fixedmargin_scaled-13-10.0_k_variableheatmap-1.0-3 order=fixed_first rep=0 seed=0: diff_whole_model=7.4094 diff_actor=6.9636 diff_critic=2.5312
[372/580] k_fixedmargin_scaled-13-10.0_k_variableheatmap-1.0-3 order=fixed_first rep=1 seed=1: diff_whole_model=2.5335 diff_actor=2.2777 diff_critic=1.1094
[373/580] k_fixedmargin_scaled-13-10.0_k_variableheatmap-1.0-3 order=fixed_first rep=2 seed=2: diff_whole_model=3.7536 diff_actor=3.4603 diff_critic=1.4546
[374/580] k_fixedmargin_scaled-13-10.0_k_variableheatmap-1.0-3 order=fixed_first rep=3 seed=3: diff_whole_model=4.7525 diff_actor=4.5048 diff_critic=1.5143
[375/580] k_fixedmargin_scaled-13-10.0_k_variableheatmap-1.0-3 order=fixed_first rep=4 seed=4: diff_whole_model=6.2191 diff_actor=5.9247 diff_critic=1.8907
[376/580] k_fixedmargin_scaled-13-10.0_k_variableheatmap-1.0-3 order=variable_first rep=0 seed=0: diff_whole_model=5.9813 diff_actor=5.5146 diff_critic=2.3163
[377/580] k_fixedmargin_scaled-13-10.0_k_variableheatmap-1.0-3 order=variable_first rep=1 seed=1: diff_whole_model=6.3386 diff_actor=5.9726 diff_critic=2.1228
[378/580] k_fixedmargin_scaled-13-10.0_k_variableheatmap-1.0-3 order=variable_first rep=2 seed=2: diff_whole_model=3.5232 diff_actor=3.1642 diff_critic=1.5494
[379/580] k_fixedmargin_scaled-13-10.0_k_variableheatmap-1.0-3 order=variable_first rep=3 seed=3: diff_whole_model=7.5938 diff_actor=7.2069 diff_critic=2.3928
[380/580] k_fixedmargin_scaled-13-10.0_k_variableheatmap-1.0-3 order=variable_first rep=4 seed=4: diff_whole_model=7.5973 diff_actor=7.0244 diff_critic=2.8941
[381/580] k_fixedmargin_scaled-25-10.0_k_variableheatmap-0.0-3 order=fixed_first rep=0 seed=0: diff_whole_model=2.4882 diff_actor=2.1132 diff_critic=1.3136
[382/580] k_fixedmargin_scaled-25-10.0_k_variableheatmap-0.0-3 order=fixed_first rep=1 seed=1: diff_whole_model=5.7864 diff_actor=5.3691 diff_critic=2.1575
[383/580] k_fixedmargin_scaled-25-10.0_k_variableheatmap-0.0-3 order=fixed_first rep=2 seed=2: diff_whole_model=2.3792 diff_actor=1.7928 diff_critic=1.5641
[384/580] k_fixedmargin_scaled-25-10.0_k_variableheatmap-0.0-3 order=fixed_first rep=3 seed=3: diff_whole_model=4.8844 diff_actor=4.5532 diff_critic=1.7680
[385/580] k_fixedmargin_scaled-25-10.0_k_variableheatmap-0.0-3 order=fixed_first rep=4 seed=4: diff_whole_model=5.1326 diff_actor=4.8859 diff_critic=1.5722
[386/580] k_fixedmargin_scaled-25-10.0_k_variableheatmap-0.0-3 order=variable_first rep=0 seed=0: diff_whole_model=4.0154 diff_actor=3.5865 diff_critic=1.8057
[387/580] k_fixedmargin_scaled-25-10.0_k_variableheatmap-0.0-3 order=variable_first rep=1 seed=1: diff_whole_model=4.1386 diff_actor=3.7966 diff_critic=1.6473
[388/580] k_fixedmargin_scaled-25-10.0_k_variableheatmap-0.0-3 order=variable_first rep=2 seed=2: diff_whole_model=7.4914 diff_actor=7.0920 diff_critic=2.4134
[389/580] k_fixedmargin_scaled-25-10.0_k_variableheatmap-0.0-3 order=variable_first rep=3 seed=3: diff_whole_model=4.3673 diff_actor=3.9416 diff_critic=1.8806
[390/580] k_fixedmargin_scaled-25-10.0_k_variableheatmap-0.0-3 order=variable_first rep=4 seed=4: diff_whole_model=5.7203 diff_actor=5.3527 diff_critic=2.0177
[391/580] k_fixedmargin_scaled-13-10.0_k_variableheatmap-0.0-3 order=fixed_first rep=0 seed=0: diff_whole_model=5.3124 diff_actor=4.9175 diff_critic=2.0099
[392/580] k_fixedmargin_scaled-13-10.0_k_variableheatmap-0.0-3 order=fixed_first rep=1 seed=1: diff_whole_model=6.8165 diff_actor=6.3025 diff_critic=2.5969
[393/580] k_fixedmargin_scaled-13-10.0_k_variableheatmap-0.0-3 order=fixed_first rep=2 seed=2: diff_whole_model=4.9115 diff_actor=4.5943 diff_critic=1.7366
[394/580] k_fixedmargin_scaled-13-10.0_k_variableheatmap-0.0-3 order=fixed_first rep=3 seed=3: diff_whole_model=4.9676 diff_actor=4.6137 diff_critic=1.8413
[395/580] k_fixedmargin_scaled-13-10.0_k_variableheatmap-0.0-3 order=fixed_first rep=4 seed=4: diff_whole_model=4.1265 diff_actor=3.8703 diff_critic=1.4313
[396/580] k_fixedmargin_scaled-13-10.0_k_variableheatmap-0.0-3 order=variable_first rep=0 seed=0: diff_whole_model=3.5503 diff_actor=3.1608 diff_critic=1.6168
[397/580] k_fixedmargin_scaled-13-10.0_k_variableheatmap-0.0-3 order=variable_first rep=1 seed=1: diff_whole_model=3.7000 diff_actor=3.3101 diff_critic=1.6533
[398/580] k_fixedmargin_scaled-13-10.0_k_variableheatmap-0.0-3 order=variable_first rep=2 seed=2: diff_whole_model=7.9092 diff_actor=7.4769 diff_critic=2.5788
[399/580] k_fixedmargin_scaled-13-10.0_k_variableheatmap-0.0-3 order=variable_first rep=3 seed=3: diff_whole_model=4.8321 diff_actor=4.3540 diff_critic=2.0957
[400/580] k_fixedmargin_scaled-13-10.0_k_variableheatmap-0.0-3 order=variable_first rep=4 seed=4: diff_whole_model=5.7281 diff_actor=5.3649 diff_critic=2.0073
[401/580] k_fixedmargin_scaled-25-10.0_k_variableheatmap-1.0-3 order=fixed_first rep=0 seed=0: diff_whole_model=6.2435 diff_actor=5.9077 diff_critic=2.0200
[402/580] k_fixedmargin_scaled-25-10.0_k_variableheatmap-1.0-3 order=fixed_first rep=1 seed=1: diff_whole_model=7.2840 diff_actor=7.0112 diff_critic=1.9749
[403/580] k_fixedmargin_scaled-25-10.0_k_variableheatmap-1.0-3 order=fixed_first rep=2 seed=2: diff_whole_model=4.0928 diff_actor=3.8254 diff_critic=1.4550
[404/580] k_fixedmargin_scaled-25-10.0_k_variableheatmap-1.0-3 order=fixed_first rep=3 seed=3: diff_whole_model=2.8972 diff_actor=2.5949 diff_critic=1.2884
[405/580] k_fixedmargin_scaled-25-10.0_k_variableheatmap-1.0-3 order=fixed_first rep=4 seed=4: diff_whole_model=7.3134 diff_actor=7.0207 diff_critic=2.0483
[406/580] k_fixedmargin_scaled-25-10.0_k_variableheatmap-1.0-3 order=variable_first rep=0 seed=0: diff_whole_model=3.9896 diff_actor=3.6787 diff_critic=1.5442
[407/580] k_fixedmargin_scaled-25-10.0_k_variableheatmap-1.0-3 order=variable_first rep=1 seed=1: diff_whole_model=5.8579 diff_actor=5.5856 diff_critic=1.7651
[408/580] k_fixedmargin_scaled-25-10.0_k_variableheatmap-1.0-3 order=variable_first rep=2 seed=2: diff_whole_model=6.5051 diff_actor=6.2459 diff_critic=1.8180
[409/580] k_fixedmargin_scaled-25-10.0_k_variableheatmap-1.0-3 order=variable_first rep=3 seed=3: diff_whole_model=6.6304 diff_actor=6.2623 diff_critic=2.1784
[410/580] k_fixedmargin_scaled-25-10.0_k_variableheatmap-1.0-3 order=variable_first rep=4 seed=4: diff_whole_model=5.5973 diff_actor=5.3000 diff_critic=1.8002
[411/580] k_fixedmargin-13_k_variablemargin_scaled-13-10.0 order=fixed_first rep=0 seed=0: diff_whole_model=9.5718 diff_actor=9.4538 diff_critic=1.4983
[412/580] k_fixedmargin-13_k_variablemargin_scaled-13-10.0 order=fixed_first rep=1 seed=1: diff_whole_model=9.3056 diff_actor=9.1733 diff_critic=1.5632
[413/580] k_fixedmargin-13_k_variablemargin_scaled-13-10.0 order=fixed_first rep=2 seed=2: diff_whole_model=9.2663 diff_actor=9.1964 diff_critic=1.1361
[414/580] k_fixedmargin-13_k_variablemargin_scaled-13-10.0 order=fixed_first rep=3 seed=3: diff_whole_model=9.6665 diff_actor=9.5370 diff_critic=1.5772
[415/580] k_fixedmargin-13_k_variablemargin_scaled-13-10.0 order=fixed_first rep=4 seed=4: diff_whole_model=7.1485 diff_actor=6.9733 diff_critic=1.5731
[416/580] k_fixedmargin-13_k_variablemargin_scaled-13-10.0 order=variable_first rep=0 seed=0: diff_whole_model=2.8221 diff_actor=2.6010 diff_critic=1.0951
[417/580] k_fixedmargin-13_k_variablemargin_scaled-13-10.0 order=variable_first rep=1 seed=1: diff_whole_model=5.9921 diff_actor=5.7353 diff_critic=1.7354
[418/580] k_fixedmargin-13_k_variablemargin_scaled-13-10.0 order=variable_first rep=2 seed=2: diff_whole_model=3.8801 diff_actor=3.7390 diff_critic=1.0366
[419/580] k_fixedmargin-13_k_variablemargin_scaled-13-10.0 order=variable_first rep=3 seed=3: diff_whole_model=3.5636 diff_actor=3.4004 diff_critic=1.0658
[420/580] k_fixedmargin-13_k_variablemargin_scaled-13-10.0 order=variable_first rep=4 seed=4: diff_whole_model=6.2357 diff_actor=5.9973 diff_critic=1.7077
[421/580] k_fixedmargin-22_k_variablemargin_scaled-22-10.0 order=fixed_first rep=0 seed=0: diff_whole_model=9.2892 diff_actor=8.9545 diff_critic=2.4708
[422/580] k_fixedmargin-22_k_variablemargin_scaled-22-10.0 order=fixed_first rep=1 seed=1: diff_whole_model=8.0049 diff_actor=7.7961 diff_critic=1.8163
[423/580] k_fixedmargin-22_k_variablemargin_scaled-22-10.0 order=fixed_first rep=2 seed=2: diff_whole_model=10.4118 diff_actor=10.3273 diff_critic=1.3242
[424/580] k_fixedmargin-22_k_variablemargin_scaled-22-10.0 order=fixed_first rep=3 seed=3: diff_whole_model=10.0093 diff_actor=9.9276 diff_critic=1.2764
[425/580] k_fixedmargin-22_k_variablemargin_scaled-22-10.0 order=fixed_first rep=4 seed=4: diff_whole_model=9.6362 diff_actor=9.5395 diff_critic=1.3615
[426/580] k_fixedmargin-22_k_variablemargin_scaled-22-10.0 order=variable_first rep=0 seed=0: diff_whole_model=5.4474 diff_actor=5.2779 diff_critic=1.3480
[427/580] k_fixedmargin-22_k_variablemargin_scaled-22-10.0 order=variable_first rep=1 seed=1: diff_whole_model=5.0558 diff_actor=4.8925 diff_critic=1.2745
[428/580] k_fixedmargin-22_k_variablemargin_scaled-22-10.0 order=variable_first rep=2 seed=2: diff_whole_model=2.8017 diff_actor=2.5554 diff_critic=1.1486
[429/580] k_fixedmargin-22_k_variablemargin_scaled-22-10.0 order=variable_first rep=3 seed=3: diff_whole_model=6.5780 diff_actor=6.4035 diff_critic=1.5052
[430/580] k_fixedmargin-22_k_variablemargin_scaled-22-10.0 order=variable_first rep=4 seed=4: diff_whole_model=4.1099 diff_actor=3.9817 diff_critic=1.0184
[431/580] k_fixedmargin-2_k_variablemargin_scaled-20-10.0 order=fixed_first rep=0 seed=0: diff_whole_model=7.3670 diff_actor=7.0949 diff_critic=1.9834
[432/580] k_fixedmargin-2_k_variablemargin_scaled-20-10.0 order=fixed_first rep=1 seed=1: diff_whole_model=6.1386 diff_actor=5.9507 diff_critic=1.5072
[433/580] k_fixedmargin-2_k_variablemargin_scaled-20-10.0 order=fixed_first rep=2 seed=2: diff_whole_model=5.9192 diff_actor=5.6834 diff_critic=1.6542
[434/580] k_fixedmargin-2_k_variablemargin_scaled-20-10.0 order=fixed_first rep=3 seed=3: diff_whole_model=4.7569 diff_actor=4.5683 diff_critic=1.3261
[435/580] k_fixedmargin-2_k_variablemargin_scaled-20-10.0 order=fixed_first rep=4 seed=4: diff_whole_model=3.2693 diff_actor=3.1426 diff_critic=0.9011
[436/580] k_fixedmargin-2_k_variablemargin_scaled-20-10.0 order=variable_first rep=0 seed=0: diff_whole_model=7.0257 diff_actor=6.7138 diff_critic=2.0699
[437/580] k_fixedmargin-2_k_variablemargin_scaled-20-10.0 order=variable_first rep=1 seed=1: diff_whole_model=6.2075 diff_actor=5.8613 diff_critic=2.0439
[438/580] k_fixedmargin-2_k_variablemargin_scaled-20-10.0 order=variable_first rep=2 seed=2: diff_whole_model=3.0191 diff_actor=2.8058 diff_critic=1.1147
[439/580] k_fixedmargin-2_k_variablemargin_scaled-20-10.0 order=variable_first rep=3 seed=3: diff_whole_model=5.2360 diff_actor=5.0458 diff_critic=1.3984
[440/580] k_fixedmargin-2_k_variablemargin_scaled-20-10.0 order=variable_first rep=4 seed=4: diff_whole_model=4.6928 diff_actor=4.5618 diff_critic=1.1011
[441/580] k_fixedmargin-2_k_variablemargin_scaled-17-10.0 order=fixed_first rep=0 seed=0: diff_whole_model=7.5063 diff_actor=7.2690 diff_critic=1.8725
[442/580] k_fixedmargin-2_k_variablemargin_scaled-17-10.0 order=fixed_first rep=1 seed=1: diff_whole_model=6.1419 diff_actor=5.9432 diff_critic=1.5498
[443/580] k_fixedmargin-2_k_variablemargin_scaled-17-10.0 order=fixed_first rep=2 seed=2: diff_whole_model=3.4804 diff_actor=3.3219 diff_critic=1.0384
[444/580] k_fixedmargin-2_k_variablemargin_scaled-17-10.0 order=fixed_first rep=3 seed=3: diff_whole_model=2.4679 diff_actor=2.2923 diff_critic=0.9142
[445/580] k_fixedmargin-2_k_variablemargin_scaled-17-10.0 order=fixed_first rep=4 seed=4: diff_whole_model=4.2429 diff_actor=4.1235 diff_critic=0.9995
[446/580] k_fixedmargin-2_k_variablemargin_scaled-17-10.0 order=variable_first rep=0 seed=0: diff_whole_model=5.9465 diff_actor=5.7673 diff_critic=1.4489
[447/580] k_fixedmargin-2_k_variablemargin_scaled-17-10.0 order=variable_first rep=1 seed=1: diff_whole_model=6.2909 diff_actor=5.9201 diff_critic=2.1279
[448/580] k_fixedmargin-2_k_variablemargin_scaled-17-10.0 order=variable_first rep=2 seed=2: diff_whole_model=4.4840 diff_actor=4.2314 diff_critic=1.4838
[449/580] k_fixedmargin-2_k_variablemargin_scaled-17-10.0 order=variable_first rep=3 seed=3: diff_whole_model=4.3428 diff_actor=4.1344 diff_critic=1.3293
[450/580] k_fixedmargin-2_k_variablemargin_scaled-17-10.0 order=variable_first rep=4 seed=4: diff_whole_model=4.4764 diff_actor=4.3398 diff_critic=1.0973
[451/580] k_fixedmargin-4_k_variablemargin_scaled-24-10.0 order=fixed_first rep=0 seed=0: diff_whole_model=4.0786 diff_actor=3.9498 diff_critic=1.0169
[452/580] k_fixedmargin-4_k_variablemargin_scaled-24-10.0 order=fixed_first rep=1 seed=1: diff_whole_model=5.9101 diff_actor=5.7805 diff_critic=1.2312
[453/580] k_fixedmargin-4_k_variablemargin_scaled-24-10.0 order=fixed_first rep=2 seed=2: diff_whole_model=7.7665 diff_actor=7.6060 diff_critic=1.5703
[454/580] k_fixedmargin-4_k_variablemargin_scaled-24-10.0 order=fixed_first rep=3 seed=3: diff_whole_model=5.9038 diff_actor=5.6253 diff_critic=1.7921
[455/580] k_fixedmargin-4_k_variablemargin_scaled-24-10.0 order=fixed_first rep=4 seed=4: diff_whole_model=7.9885 diff_actor=7.6641 diff_critic=2.2532
[456/580] k_fixedmargin-4_k_variablemargin_scaled-24-10.0 order=variable_first rep=0 seed=0: diff_whole_model=7.1839 diff_actor=6.9879 diff_critic=1.6666
[457/580] k_fixedmargin-4_k_variablemargin_scaled-24-10.0 order=variable_first rep=1 seed=1: diff_whole_model=5.8283 diff_actor=5.5721 diff_critic=1.7091
[458/580] k_fixedmargin-4_k_variablemargin_scaled-24-10.0 order=variable_first rep=2 seed=2: diff_whole_model=4.5251 diff_actor=4.3381 diff_critic=1.2874
[459/580] k_fixedmargin-4_k_variablemargin_scaled-24-10.0 order=variable_first rep=3 seed=3: diff_whole_model=5.0348 diff_actor=4.8766 diff_critic=1.2523
[460/580] k_fixedmargin-4_k_variablemargin_scaled-24-10.0 order=variable_first rep=4 seed=4: diff_whole_model=4.0380 diff_actor=3.9100 diff_critic=1.0084
[461/580] k_fixedmargin-2_k_variablemargin_scaled-21-10.0 order=fixed_first rep=0 seed=0: diff_whole_model=6.0175 diff_actor=5.6993 diff_critic=1.9310
[462/580] k_fixedmargin-2_k_variablemargin_scaled-21-10.0 order=fixed_first rep=1 seed=1: diff_whole_model=4.8486 diff_actor=4.7062 diff_critic=1.1667
[463/580] k_fixedmargin-2_k_variablemargin_scaled-21-10.0 order=fixed_first rep=2 seed=2: diff_whole_model=4.7807 diff_actor=4.6336 diff_critic=1.1768
[464/580] k_fixedmargin-2_k_variablemargin_scaled-21-10.0 order=fixed_first rep=3 seed=3: diff_whole_model=4.3494 diff_actor=4.1821 diff_critic=1.1949
[465/580] k_fixedmargin-2_k_variablemargin_scaled-21-10.0 order=fixed_first rep=4 seed=4: diff_whole_model=4.3205 diff_actor=4.1951 diff_critic=1.0333
[466/580] k_fixedmargin-2_k_variablemargin_scaled-21-10.0 order=variable_first rep=0 seed=0: diff_whole_model=6.6490 diff_actor=6.4326 diff_critic=1.6824
[467/580] k_fixedmargin-2_k_variablemargin_scaled-21-10.0 order=variable_first rep=1 seed=1: diff_whole_model=4.5444 diff_actor=4.3592 diff_critic=1.2843
[468/580] k_fixedmargin-2_k_variablemargin_scaled-21-10.0 order=variable_first rep=2 seed=2: diff_whole_model=3.6551 diff_actor=3.4532 diff_critic=1.1979
[469/580] k_fixedmargin-2_k_variablemargin_scaled-21-10.0 order=variable_first rep=3 seed=3: diff_whole_model=4.6602 diff_actor=4.4486 diff_critic=1.3884
[470/580] k_fixedmargin-2_k_variablemargin_scaled-21-10.0 order=variable_first rep=4 seed=4: diff_whole_model=4.6476 diff_actor=4.5338 diff_critic=1.0218
[471/580] k_fixedmargin-1_k_variablemargin_scaled-1-0.1 order=fixed_first rep=0 seed=0: diff_whole_model=2.5656 diff_actor=2.2173 diff_critic=1.2907
[472/580] k_fixedmargin-1_k_variablemargin_scaled-1-0.1 order=fixed_first rep=1 seed=1: diff_whole_model=3.4368 diff_actor=3.1771 diff_critic=1.3105
[473/580] k_fixedmargin-1_k_variablemargin_scaled-1-0.1 order=fixed_first rep=2 seed=2: diff_whole_model=6.4688 diff_actor=5.5455 diff_critic=3.3305
[474/580] k_fixedmargin-1_k_variablemargin_scaled-1-0.1 order=fixed_first rep=3 seed=3: diff_whole_model=3.2159 diff_actor=3.0041 diff_critic=1.1478
[475/580] k_fixedmargin-1_k_variablemargin_scaled-1-0.1 order=fixed_first rep=4 seed=4: diff_whole_model=3.7650 diff_actor=3.4466 diff_critic=1.5152
[476/580] k_fixedmargin-1_k_variablemargin_scaled-1-0.1 order=variable_first rep=0 seed=0: diff_whole_model=6.0666 diff_actor=5.5307 diff_critic=2.4930
[477/580] k_fixedmargin-1_k_variablemargin_scaled-1-0.1 order=variable_first rep=1 seed=1: diff_whole_model=6.7631 diff_actor=6.2868 diff_critic=2.4931
[478/580] k_fixedmargin-1_k_variablemargin_scaled-1-0.1 order=variable_first rep=2 seed=2: diff_whole_model=2.9336 diff_actor=2.7201 diff_critic=1.0986
[479/580] k_fixedmargin-1_k_variablemargin_scaled-1-0.1 order=variable_first rep=3 seed=3: diff_whole_model=5.3885 diff_actor=5.1910 diff_critic=1.4455
[480/580] k_fixedmargin-1_k_variablemargin_scaled-1-0.1 order=variable_first rep=4 seed=4: diff_whole_model=8.6153 diff_actor=8.3267 diff_critic=2.2113
[481/580] k_fixedmargin-5_k_variablemargin_scaled-5-0.1 order=fixed_first rep=0 seed=0: diff_whole_model=2.2535 diff_actor=1.6887 diff_critic=1.4922
[482/580] k_fixedmargin-5_k_variablemargin_scaled-5-0.1 order=fixed_first rep=1 seed=1: diff_whole_model=2.3234 diff_actor=1.8349 diff_critic=1.4253
[483/580] k_fixedmargin-5_k_variablemargin_scaled-5-0.1 order=fixed_first rep=2 seed=2: diff_whole_model=3.4671 diff_actor=3.1491 diff_critic=1.4505
[484/580] k_fixedmargin-5_k_variablemargin_scaled-5-0.1 order=fixed_first rep=3 seed=3: diff_whole_model=2.1087 diff_actor=1.6404 diff_critic=1.3250
[485/580] k_fixedmargin-5_k_variablemargin_scaled-5-0.1 order=fixed_first rep=4 seed=4: diff_whole_model=3.5052 diff_actor=3.2322 diff_critic=1.3562
[486/580] k_fixedmargin-5_k_variablemargin_scaled-5-0.1 order=variable_first rep=0 seed=0: diff_whole_model=14.1537 diff_actor=13.8342 diff_critic=2.9899
[487/580] k_fixedmargin-5_k_variablemargin_scaled-5-0.1 order=variable_first rep=1 seed=1: diff_whole_model=13.2844 diff_actor=12.9209 diff_critic=3.0863
[488/580] k_fixedmargin-5_k_variablemargin_scaled-5-0.1 order=variable_first rep=2 seed=2: diff_whole_model=13.9892 diff_actor=13.8297 diff_critic=2.1063
[489/580] k_fixedmargin-5_k_variablemargin_scaled-5-0.1 order=variable_first rep=3 seed=3: diff_whole_model=14.7197 diff_actor=14.4544 diff_critic=2.7823
[490/580] k_fixedmargin-5_k_variablemargin_scaled-5-0.1 order=variable_first rep=4 seed=4: diff_whole_model=14.0229 diff_actor=13.7492 diff_critic=2.7568
[491/580] k_fixedmargin-25_k_variablemargin_scaled-1-0.1 order=fixed_first rep=0 seed=0: diff_whole_model=2.9421 diff_actor=2.4809 diff_critic=1.5813
[492/580] k_fixedmargin-25_k_variablemargin_scaled-1-0.1 order=fixed_first rep=1 seed=1: diff_whole_model=2.2880 diff_actor=1.6876 diff_critic=1.5450
[493/580] k_fixedmargin-25_k_variablemargin_scaled-1-0.1 order=fixed_first rep=2 seed=2: diff_whole_model=4.7273 diff_actor=4.5396 diff_critic=1.3189
[494/580] k_fixedmargin-25_k_variablemargin_scaled-1-0.1 order=fixed_first rep=3 seed=3: diff_whole_model=2.2240 diff_actor=1.7784 diff_critic=1.3354
[495/580] k_fixedmargin-25_k_variablemargin_scaled-1-0.1 order=fixed_first rep=4 seed=4: diff_whole_model=2.7698 diff_actor=2.2812 diff_critic=1.5709
[496/580] k_fixedmargin-25_k_variablemargin_scaled-1-0.1 order=variable_first rep=0 seed=0: diff_whole_model=3.1636 diff_actor=2.8177 diff_critic=1.4386
[497/580] k_fixedmargin-25_k_variablemargin_scaled-1-0.1 order=variable_first rep=1 seed=1: diff_whole_model=4.7907 diff_actor=4.5390 diff_critic=1.5324
[498/580] k_fixedmargin-25_k_variablemargin_scaled-1-0.1 order=variable_first rep=2 seed=2: diff_whole_model=1.9950 diff_actor=1.4625 diff_critic=1.3568
[499/580] k_fixedmargin-25_k_variablemargin_scaled-1-0.1 order=variable_first rep=3 seed=3: diff_whole_model=2.0164 diff_actor=1.5422 diff_critic=1.2990
[500/580] k_fixedmargin-25_k_variablemargin_scaled-1-0.1 order=variable_first rep=4 seed=4: diff_whole_model=4.6272 diff_actor=4.3625 diff_critic=1.5424
[501/580] k_fixedmargin-10_k_variablemargin_scaled-3-0.1 order=fixed_first rep=0 seed=0: diff_whole_model=2.1858 diff_actor=1.6228 diff_critic=1.4644
[502/580] k_fixedmargin-10_k_variablemargin_scaled-3-0.1 order=fixed_first rep=1 seed=1: diff_whole_model=2.0699 diff_actor=1.4700 diff_critic=1.4572
[503/580] k_fixedmargin-10_k_variablemargin_scaled-3-0.1 order=fixed_first rep=2 seed=2: diff_whole_model=1.9802 diff_actor=1.3662 diff_critic=1.4334
[504/580] k_fixedmargin-10_k_variablemargin_scaled-3-0.1 order=fixed_first rep=3 seed=3: diff_whole_model=2.0322 diff_actor=1.5173 diff_critic=1.3519
[505/580] k_fixedmargin-10_k_variablemargin_scaled-3-0.1 order=fixed_first rep=4 seed=4: diff_whole_model=1.9646 diff_actor=1.4512 diff_critic=1.3243
[506/580] k_fixedmargin-10_k_variablemargin_scaled-3-0.1 order=variable_first rep=0 seed=0: diff_whole_model=16.8887 diff_actor=16.6306 diff_critic=2.9412
[507/580] k_fixedmargin-10_k_variablemargin_scaled-3-0.1 order=variable_first rep=1 seed=1: diff_whole_model=14.2715 diff_actor=13.9921 diff_critic=2.8101
[508/580] k_fixedmargin-10_k_variablemargin_scaled-3-0.1 order=variable_first rep=2 seed=2: diff_whole_model=15.2999 diff_actor=15.1104 diff_critic=2.4003
[509/580] k_fixedmargin-10_k_variablemargin_scaled-3-0.1 order=variable_first rep=3 seed=3: diff_whole_model=16.1421 diff_actor=15.8665 diff_critic=2.9704
[510/580] k_fixedmargin-10_k_variablemargin_scaled-3-0.1 order=variable_first rep=4 seed=4: diff_whole_model=15.2730 diff_actor=15.1023 diff_critic=2.2771
[511/580] k_fixedmargin_scaled-1-0.1_k_variablemargin_scaled-10-0.1 order=fixed_first rep=0 seed=0: diff_whole_model=3.8333 diff_actor=3.1881 diff_critic=2.1285
[512/580] k_fixedmargin_scaled-1-0.1_k_variablemargin_scaled-10-0.1 order=fixed_first rep=1 seed=1: diff_whole_model=2.6174 diff_actor=1.6623 diff_critic=2.0219
[513/580] k_fixedmargin_scaled-1-0.1_k_variablemargin_scaled-10-0.1 order=fixed_first rep=2 seed=2: diff_whole_model=4.1310 diff_actor=3.5812 diff_critic=2.0593
[514/580] k_fixedmargin_scaled-1-0.1_k_variablemargin_scaled-10-0.1 order=fixed_first rep=3 seed=3: diff_whole_model=4.4869 diff_actor=4.0528 diff_critic=1.9254
[515/580] k_fixedmargin_scaled-1-0.1_k_variablemargin_scaled-10-0.1 order=fixed_first rep=4 seed=4: diff_whole_model=2.4971 diff_actor=1.3837 diff_critic=2.0787
[516/580] k_fixedmargin_scaled-1-0.1_k_variablemargin_scaled-10-0.1 order=variable_first rep=0 seed=0: diff_whole_model=16.9381 diff_actor=16.6699 diff_critic=3.0022
[517/580] k_fixedmargin_scaled-1-0.1_k_variablemargin_scaled-10-0.1 order=variable_first rep=1 seed=1: diff_whole_model=17.6447 diff_actor=17.3649 diff_critic=3.1301
[518/580] k_fixedmargin_scaled-1-0.1_k_variablemargin_scaled-10-0.1 order=variable_first rep=2 seed=2: diff_whole_model=16.1869 diff_actor=15.8890 diff_critic=3.0915
[519/580] k_fixedmargin_scaled-1-0.1_k_variablemargin_scaled-10-0.1 order=variable_first rep=3 seed=3: diff_whole_model=17.5759 diff_actor=17.2736 diff_critic=3.2457
[520/580] k_fixedmargin_scaled-1-0.1_k_variablemargin_scaled-10-0.1 order=variable_first rep=4 seed=4: diff_whole_model=17.7299 diff_actor=17.5356 diff_critic=2.6176
[521/580] k_fixedmargin_scaled-8-0.15_k_variablemargin_scaled-8-1.6 order=fixed_first rep=0 seed=0: diff_whole_model=14.1753 diff_actor=13.9953 diff_critic=2.2518
[522/580] k_fixedmargin_scaled-8-0.15_k_variablemargin_scaled-8-1.6 order=fixed_first rep=1 seed=1: diff_whole_model=13.3242 diff_actor=13.0466 diff_critic=2.7057
[523/580] k_fixedmargin_scaled-8-0.15_k_variablemargin_scaled-8-1.6 order=fixed_first rep=2 seed=2: diff_whole_model=13.5516 diff_actor=13.4723 diff_critic=1.4641
[524/580] k_fixedmargin_scaled-8-0.15_k_variablemargin_scaled-8-1.6 order=fixed_first rep=3 seed=3: diff_whole_model=12.7877 diff_actor=12.5294 diff_critic=2.5573
[525/580] k_fixedmargin_scaled-8-0.15_k_variablemargin_scaled-8-1.6 order=fixed_first rep=4 seed=4: diff_whole_model=13.9323 diff_actor=13.7397 diff_critic=2.3086
[526/580] k_fixedmargin_scaled-8-0.15_k_variablemargin_scaled-8-1.6 order=variable_first rep=0 seed=0: diff_whole_model=2.0128 diff_actor=1.6151 diff_critic=1.2013
[527/580] k_fixedmargin_scaled-8-0.15_k_variablemargin_scaled-8-1.6 order=variable_first rep=1 seed=1: diff_whole_model=2.0652 diff_actor=1.6584 diff_critic=1.2308
[528/580] k_fixedmargin_scaled-8-0.15_k_variablemargin_scaled-8-1.6 order=variable_first rep=2 seed=2: diff_whole_model=2.9508 diff_actor=2.6253 diff_critic=1.3474
[529/580] k_fixedmargin_scaled-8-0.15_k_variablemargin_scaled-8-1.6 order=variable_first rep=3 seed=3: diff_whole_model=2.1057 diff_actor=1.7030 diff_critic=1.2384
[530/580] k_fixedmargin_scaled-8-0.15_k_variablemargin_scaled-8-1.6 order=variable_first rep=4 seed=4: diff_whole_model=3.6687 diff_actor=3.4033 diff_critic=1.3699
[531/580] k_fixedmargin_scaled-15-0.25_k_variablemargin_scaled-15-2.5 order=fixed_first rep=0 seed=0: diff_whole_model=13.6550 diff_actor=13.5121 diff_critic=1.9708
[532/580] k_fixedmargin_scaled-15-0.25_k_variablemargin_scaled-15-2.5 order=fixed_first rep=1 seed=1: diff_whole_model=12.9472 diff_actor=12.7271 diff_critic=2.3772
[533/580] k_fixedmargin_scaled-15-0.25_k_variablemargin_scaled-15-2.5 order=fixed_first rep=2 seed=2: diff_whole_model=13.3480 diff_actor=13.2849 diff_critic=1.2963
[534/580] k_fixedmargin_scaled-15-0.25_k_variablemargin_scaled-15-2.5 order=fixed_first rep=3 seed=3: diff_whole_model=12.6176 diff_actor=12.4800 diff_critic=1.8585
[535/580] k_fixedmargin_scaled-15-0.25_k_variablemargin_scaled-15-2.5 order=fixed_first rep=4 seed=4: diff_whole_model=12.9963 diff_actor=12.6321 diff_critic=3.0549
[536/580] k_fixedmargin_scaled-15-0.25_k_variablemargin_scaled-15-2.5 order=variable_first rep=0 seed=0: diff_whole_model=1.7654 diff_actor=1.3619 diff_critic=1.1233
[537/580] k_fixedmargin_scaled-15-0.25_k_variablemargin_scaled-15-2.5 order=variable_first rep=1 seed=1: diff_whole_model=4.5998 diff_actor=4.3970 diff_critic=1.3508
[538/580] k_fixedmargin_scaled-15-0.25_k_variablemargin_scaled-15-2.5 order=variable_first rep=2 seed=2: diff_whole_model=2.0158 diff_actor=1.6311 diff_critic=1.1846
[539/580] k_fixedmargin_scaled-15-0.25_k_variablemargin_scaled-15-2.5 order=variable_first rep=3 seed=3: diff_whole_model=1.8593 diff_actor=1.4692 diff_critic=1.1394
[540/580] k_fixedmargin_scaled-15-0.25_k_variablemargin_scaled-15-2.5 order=variable_first rep=4 seed=4: diff_whole_model=1.8535 diff_actor=1.5061 diff_critic=1.0802
[541/580] k_fixedmargin_scaled-15-0.4_k_variablemargin_scaled-15-4.0 order=fixed_first rep=0 seed=0: diff_whole_model=12.2907 diff_actor=12.0822 diff_critic=2.2541
[542/580] k_fixedmargin_scaled-15-0.4_k_variablemargin_scaled-15-4.0 order=fixed_first rep=1 seed=1: diff_whole_model=10.0912 diff_actor=9.8983 diff_critic=1.9637
[543/580] k_fixedmargin_scaled-15-0.4_k_variablemargin_scaled-15-4.0 order=fixed_first rep=2 seed=2: diff_whole_model=10.1358 diff_actor=9.9575 diff_critic=1.8929
[544/580] k_fixedmargin_scaled-15-0.4_k_variablemargin_scaled-15-4.0 order=fixed_first rep=3 seed=3: diff_whole_model=12.3876 diff_actor=12.3075 diff_critic=1.4065
[545/580] k_fixedmargin_scaled-15-0.4_k_variablemargin_scaled-15-4.0 order=fixed_first rep=4 seed=4: diff_whole_model=12.0932 diff_actor=11.9403 diff_critic=1.9172
[546/580] k_fixedmargin_scaled-15-0.4_k_variablemargin_scaled-15-4.0 order=variable_first rep=0 seed=0: diff_whole_model=3.9932 diff_actor=3.8642 diff_critic=1.0069
[547/580] k_fixedmargin_scaled-15-0.4_k_variablemargin_scaled-15-4.0 order=variable_first rep=1 seed=1: diff_whole_model=5.2170 diff_actor=4.9507 diff_critic=1.6453
[548/580] k_fixedmargin_scaled-15-0.4_k_variablemargin_scaled-15-4.0 order=variable_first rep=2 seed=2: diff_whole_model=2.1543 diff_actor=1.8439 diff_critic=1.1140
[549/580] k_fixedmargin_scaled-15-0.4_k_variablemargin_scaled-15-4.0 order=variable_first rep=3 seed=3: diff_whole_model=2.0851 diff_actor=1.7514 diff_critic=1.1315
[550/580] k_fixedmargin_scaled-15-0.4_k_variablemargin_scaled-15-4.0 order=variable_first rep=4 seed=4: diff_whole_model=4.0115 diff_actor=3.8685 diff_critic=1.0613
[551/580] k_fixedmargin_scaled-15-0.65_k_variablemargin_scaled-15-6.5 order=fixed_first rep=0 seed=0: diff_whole_model=9.9003 diff_actor=9.4635 diff_critic=2.9081
[552/580] k_fixedmargin_scaled-15-0.65_k_variablemargin_scaled-15-6.5 order=fixed_first rep=1 seed=1: diff_whole_model=10.9919 diff_actor=10.9053 diff_critic=1.3775
[553/580] k_fixedmargin_scaled-15-0.65_k_variablemargin_scaled-15-6.5 order=fixed_first rep=2 seed=2: diff_whole_model=10.5857 diff_actor=10.2332 diff_critic=2.7090
[554/580] k_fixedmargin_scaled-15-0.65_k_variablemargin_scaled-15-6.5 order=fixed_first rep=3 seed=3: diff_whole_model=10.9370 diff_actor=10.8057 diff_critic=1.6894
[555/580] k_fixedmargin_scaled-15-0.65_k_variablemargin_scaled-15-6.5 order=fixed_first rep=4 seed=4: diff_whole_model=9.9276 diff_actor=9.6613 diff_critic=2.2838
[556/580] k_fixedmargin_scaled-15-0.65_k_variablemargin_scaled-15-6.5 order=variable_first rep=0 seed=0: diff_whole_model=6.3620 diff_actor=6.0648 diff_critic=1.9218
[557/580] k_fixedmargin_scaled-15-0.65_k_variablemargin_scaled-15-6.5 order=variable_first rep=1 seed=1: diff_whole_model=5.8117 diff_actor=5.6209 diff_critic=1.4771
[558/580] k_fixedmargin_scaled-15-0.65_k_variablemargin_scaled-15-6.5 order=variable_first rep=2 seed=2: diff_whole_model=5.0068 diff_actor=4.7989 diff_critic=1.4278
[559/580] k_fixedmargin_scaled-15-0.65_k_variablemargin_scaled-15-6.5 order=variable_first rep=3 seed=3: diff_whole_model=3.5027 diff_actor=3.3173 diff_critic=1.1246
[560/580] k_fixedmargin_scaled-15-0.65_k_variablemargin_scaled-15-6.5 order=variable_first rep=4 seed=4: diff_whole_model=3.6740 diff_actor=3.5190 diff_critic=1.0559
[561/580] k_fixedmargin_scaled-15-0.4_k_variablemargin_scaled-15-1.6 order=fixed_first rep=0 seed=0: diff_whole_model=14.6714 diff_actor=14.4567 diff_critic=2.5004
[562/580] k_fixedmargin_scaled-15-0.4_k_variablemargin_scaled-15-1.6 order=fixed_first rep=1 seed=1: diff_whole_model=11.6681 diff_actor=11.3579 diff_critic=2.6723
[563/580] k_fixedmargin_scaled-15-0.4_k_variablemargin_scaled-15-1.6 order=fixed_first rep=2 seed=2: diff_whole_model=12.6648 diff_actor=12.4935 diff_critic=2.0759
[564/580] k_fixedmargin_scaled-15-0.4_k_variablemargin_scaled-15-1.6 order=fixed_first rep=3 seed=3: diff_whole_model=14.6724 diff_actor=14.5850 diff_critic=1.5992
[565/580] k_fixedmargin_scaled-15-0.4_k_variablemargin_scaled-15-1.6 order=fixed_first rep=4 seed=4: diff_whole_model=12.2534 diff_actor=12.1001 diff_critic=1.9323
[566/580] k_fixedmargin_scaled-15-0.4_k_variablemargin_scaled-15-1.6 order=variable_first rep=0 seed=0: diff_whole_model=1.8307 diff_actor=1.4268 diff_critic=1.1470
[567/580] k_fixedmargin_scaled-15-0.4_k_variablemargin_scaled-15-1.6 order=variable_first rep=1 seed=1: diff_whole_model=1.9657 diff_actor=1.5784 diff_critic=1.1717
[568/580] k_fixedmargin_scaled-15-0.4_k_variablemargin_scaled-15-1.6 order=variable_first rep=2 seed=2: diff_whole_model=2.1949 diff_actor=1.8295 diff_critic=1.2126
[569/580] k_fixedmargin_scaled-15-0.4_k_variablemargin_scaled-15-1.6 order=variable_first rep=3 seed=3: diff_whole_model=1.9548 diff_actor=1.5796 diff_critic=1.1516
[570/580] k_fixedmargin_scaled-15-0.4_k_variablemargin_scaled-15-1.6 order=variable_first rep=4 seed=4: diff_whole_model=2.2699 diff_actor=1.9745 diff_critic=1.1197
[571/580] k_fixedmargin_scaled-15-1.6_k_variablemargin_scaled-15-4.0 order=fixed_first rep=0 seed=0: diff_whole_model=6.3854 diff_actor=6.1878 diff_critic=1.5762
[572/580] k_fixedmargin_scaled-15-1.6_k_variablemargin_scaled-15-4.0 order=fixed_first rep=1 seed=1: diff_whole_model=3.9213 diff_actor=3.3390 diff_critic=2.0562
[573/580] k_fixedmargin_scaled-15-1.6_k_variablemargin_scaled-15-4.0 order=fixed_first rep=2 seed=2: diff_whole_model=4.3055 diff_actor=3.9765 diff_critic=1.6508
[574/580] k_fixedmargin_scaled-15-1.6_k_variablemargin_scaled-15-4.0 order=fixed_first rep=3 seed=3: diff_whole_model=2.0702 diff_actor=1.5385 diff_critic=1.3852
[575/580] k_fixedmargin_scaled-15-1.6_k_variablemargin_scaled-15-4.0 order=fixed_first rep=4 seed=4: diff_whole_model=5.2271 diff_actor=5.0259 diff_critic=1.4361
[576/580] k_fixedmargin_scaled-15-1.6_k_variablemargin_scaled-15-4.0 order=variable_first rep=0 seed=0: diff_whole_model=5.0780 diff_actor=4.9438 diff_critic=1.1600
[577/580] k_fixedmargin_scaled-15-1.6_k_variablemargin_scaled-15-4.0 order=variable_first rep=1 seed=1: diff_whole_model=1.9890 diff_actor=1.6531 diff_critic=1.1060
[578/580] k_fixedmargin_scaled-15-1.6_k_variablemargin_scaled-15-4.0 order=variable_first rep=2 seed=2: diff_whole_model=3.1486 diff_actor=2.9925 diff_critic=0.9793
[579/580] k_fixedmargin_scaled-15-1.6_k_variablemargin_scaled-15-4.0 order=variable_first rep=3 seed=3: diff_whole_model=1.8102 diff_actor=1.5242 diff_critic=0.9765
[580/580] k_fixedmargin_scaled-15-1.6_k_variablemargin_scaled-15-4.0 order=variable_first rep=4 seed=4: diff_whole_model=3.2627 diff_actor=3.0911 diff_critic=1.0441

Wrote 580 rows -> eval_logs/weight_diff_norm_replicates.csv
